Archive member included to satisfy reference by file (symbol)

c:/renesas/ra/e2studio_v2022-04_fsp_v3.8.0/toolchains/gcc_arm/gcc-arm-none-eabi-10.3-2021.10/bin/../lib/gcc/arm-none-eabi/10.3.1/../../../../arm-none-eabi/lib/thumb/v8-m.main+fp/hard\libg_nano.a(lib_a-errno.o)
                              ./ra/fsp/src/bsp/mcu/all/bsp_sbrk.o (__errno)
c:/renesas/ra/e2studio_v2022-04_fsp_v3.8.0/toolchains/gcc_arm/gcc-arm-none-eabi-10.3-2021.10/bin/../lib/gcc/arm-none-eabi/10.3.1/../../../../arm-none-eabi/lib/thumb/v8-m.main+fp/hard\libg_nano.a(lib_a-exit.o)
                              c:/renesas/ra/e2studio_v2022-04_fsp_v3.8.0/toolchains/gcc_arm/gcc-arm-none-eabi-10.3-2021.10/bin/../lib/gcc/arm-none-eabi/10.3.1/../../../../arm-none-eabi/lib/thumb/v8-m.main+fp/hard/rdimon-crt0.o (exit)
c:/renesas/ra/e2studio_v2022-04_fsp_v3.8.0/toolchains/gcc_arm/gcc-arm-none-eabi-10.3-2021.10/bin/../lib/gcc/arm-none-eabi/10.3.1/../../../../arm-none-eabi/lib/thumb/v8-m.main+fp/hard\libg_nano.a(lib_a-impure.o)
                              c:/renesas/ra/e2studio_v2022-04_fsp_v3.8.0/toolchains/gcc_arm/gcc-arm-none-eabi-10.3-2021.10/bin/../lib/gcc/arm-none-eabi/10.3.1/../../../../arm-none-eabi/lib/thumb/v8-m.main+fp/hard\libg_nano.a(lib_a-exit.o) (_global_impure_ptr)
c:/renesas/ra/e2studio_v2022-04_fsp_v3.8.0/toolchains/gcc_arm/gcc-arm-none-eabi-10.3-2021.10/bin/../lib/gcc/arm-none-eabi/10.3.1/../../../../arm-none-eabi/lib/thumb/v8-m.main+fp/hard\libg_nano.a(lib_a-init.o)
                              c:/renesas/ra/e2studio_v2022-04_fsp_v3.8.0/toolchains/gcc_arm/gcc-arm-none-eabi-10.3-2021.10/bin/../lib/gcc/arm-none-eabi/10.3.1/../../../../arm-none-eabi/lib/thumb/v8-m.main+fp/hard/rdimon-crt0.o (__libc_init_array)
c:/renesas/ra/e2studio_v2022-04_fsp_v3.8.0/toolchains/gcc_arm/gcc-arm-none-eabi-10.3-2021.10/bin/../lib/gcc/arm-none-eabi/10.3.1/../../../../arm-none-eabi/lib/thumb/v8-m.main+fp/hard\libg_nano.a(lib_a-memcpy-stub.o)
                              ./ra/fsp/src/bsp/cmsis/Device/RENESAS/Source/system.o (memcpy)
c:/renesas/ra/e2studio_v2022-04_fsp_v3.8.0/toolchains/gcc_arm/gcc-arm-none-eabi-10.3-2021.10/bin/../lib/gcc/arm-none-eabi/10.3.1/../../../../arm-none-eabi/lib/thumb/v8-m.main+fp/hard\libg_nano.a(lib_a-memset.o)
                              c:/renesas/ra/e2studio_v2022-04_fsp_v3.8.0/toolchains/gcc_arm/gcc-arm-none-eabi-10.3-2021.10/bin/../lib/gcc/arm-none-eabi/10.3.1/../../../../arm-none-eabi/lib/thumb/v8-m.main+fp/hard/rdimon-crt0.o (memset)
c:/renesas/ra/e2studio_v2022-04_fsp_v3.8.0/toolchains/gcc_arm/gcc-arm-none-eabi-10.3-2021.10/bin/../lib/gcc/arm-none-eabi/10.3.1/../../../../arm-none-eabi/lib/thumb/v8-m.main+fp/hard\libg_nano.a(lib_a-snprintf.o)
                              ./CH378_USB/ch378_storage.o (snprintf)
c:/renesas/ra/e2studio_v2022-04_fsp_v3.8.0/toolchains/gcc_arm/gcc-arm-none-eabi-10.3-2021.10/bin/../lib/gcc/arm-none-eabi/10.3.1/../../../../arm-none-eabi/lib/thumb/v8-m.main+fp/hard\libg_nano.a(lib_a-strlen.o)
                              ./CH378_USB/ch378_storage.o (strlen)
c:/renesas/ra/e2studio_v2022-04_fsp_v3.8.0/toolchains/gcc_arm/gcc-arm-none-eabi-10.3-2021.10/bin/../lib/gcc/arm-none-eabi/10.3.1/../../../../arm-none-eabi/lib/thumb/v8-m.main+fp/hard\libg_nano.a(lib_a-nano-svfprintf.o)
                              c:/renesas/ra/e2studio_v2022-04_fsp_v3.8.0/toolchains/gcc_arm/gcc-arm-none-eabi-10.3-2021.10/bin/../lib/gcc/arm-none-eabi/10.3.1/../../../../arm-none-eabi/lib/thumb/v8-m.main+fp/hard\libg_nano.a(lib_a-snprintf.o) (_svfprintf_r)
c:/renesas/ra/e2studio_v2022-04_fsp_v3.8.0/toolchains/gcc_arm/gcc-arm-none-eabi-10.3-2021.10/bin/../lib/gcc/arm-none-eabi/10.3.1/../../../../arm-none-eabi/lib/thumb/v8-m.main+fp/hard\libg_nano.a(lib_a-nano-vfprintf_i.o)
                              c:/renesas/ra/e2studio_v2022-04_fsp_v3.8.0/toolchains/gcc_arm/gcc-arm-none-eabi-10.3-2021.10/bin/../lib/gcc/arm-none-eabi/10.3.1/../../../../arm-none-eabi/lib/thumb/v8-m.main+fp/hard\libg_nano.a(lib_a-nano-svfprintf.o) (_printf_i)
c:/renesas/ra/e2studio_v2022-04_fsp_v3.8.0/toolchains/gcc_arm/gcc-arm-none-eabi-10.3-2021.10/bin/../lib/gcc/arm-none-eabi/10.3.1/../../../../arm-none-eabi/lib/thumb/v8-m.main+fp/hard\libg_nano.a(lib_a-memchr-stub.o)
                              c:/renesas/ra/e2studio_v2022-04_fsp_v3.8.0/toolchains/gcc_arm/gcc-arm-none-eabi-10.3-2021.10/bin/../lib/gcc/arm-none-eabi/10.3.1/../../../../arm-none-eabi/lib/thumb/v8-m.main+fp/hard\libg_nano.a(lib_a-nano-svfprintf.o) (memchr)
c:/renesas/ra/e2studio_v2022-04_fsp_v3.8.0/toolchains/gcc_arm/gcc-arm-none-eabi-10.3-2021.10/bin/../lib/gcc/arm-none-eabi/10.3.1/../../../../arm-none-eabi/lib/thumb/v8-m.main+fp/hard\libg_nano.a(lib_a-memmove.o)
                              c:/renesas/ra/e2studio_v2022-04_fsp_v3.8.0/toolchains/gcc_arm/gcc-arm-none-eabi-10.3-2021.10/bin/../lib/gcc/arm-none-eabi/10.3.1/../../../../arm-none-eabi/lib/thumb/v8-m.main+fp/hard\libg_nano.a(lib_a-nano-svfprintf.o) (memmove)
[...]
Memory Configuration

Name             Origin             Length             Attributes
FLASH            0x00000000         0x00100000         xr
RAM              0x20000000         0x00040000         xrw
DATA_FLASH       0x08000000         0x00002000         xr
QSPI_FLASH       0x60000000         0x04000000         xr
OSPI_DEVICE_0    0x68000000         0x08000000         xr
OSPI_DEVICE_1    0x70000000         0x10000000         xr
OSPI_DEVICE_0_RAM 0x68000000         0x08000000         xrw
OSPI_DEVICE_1_RAM 0x70000000         0x10000000         xrw
SDRAM            0x90000000         0x00000000         xrw
OPTION_SETTING   0x0100a100         0x00000100         r
OPTION_SETTING_S 0x0100a200         0x00000100         r
ID_CODE          0x00000000         0x00000000         xr
*default*        0x00000000         0xffffffff

Linker script and memory map

LOAD c:/renesas/ra/e2studio_v2022-04_fsp_v3.8.0/toolchains/gcc_arm/gcc-arm-none-eabi-10.3-2021.10/bin/../lib/gcc/arm-none-eabi/10.3.1/thumb/v8-m.main+fp/hard/crti.o
LOAD c:/renesas/ra/e2studio_v2022-04_fsp_v3.8.0/toolchains/gcc_arm/gcc-arm-none-eabi-10.3-2021.10/bin/../lib/gcc/arm-none-eabi/10.3.1/thumb/v8-m.main+fp/hard/crtbegin.o
LOAD c:/renesas/ra/e2studio_v2022-04_fsp_v3.8.0/toolchains/gcc_arm/gcc-arm-none-eabi-10.3-2021.10/bin/../lib/gcc/arm-none-eabi/10.3.1/../../../../arm-none-eabi/lib/thumb/v8-m.main+fp/hard/rdimon-crt0.o
START GROUP
LOAD ./src/hal_entry.o
LOAD ./ra_gen/common_data.o
LOAD ./ra_gen/hal_data.o
LOAD ./ra_gen/main.o
LOAD ./ra_gen/pin_data.o
LOAD ./ra_gen/vector_data.o
LOAD ./ra/fsp/src/r_ioport/r_ioport.o
LOAD ./ra/fsp/src/r_icu/r_icu.o
LOAD ./ra/fsp/src/bsp/mcu/all/bsp_clocks.o
LOAD ./ra/fsp/src/bsp/mcu/all/bsp_common.o
LOAD ./ra/fsp/src/bsp/mcu/all/bsp_delay.o
LOAD ./ra/fsp/src/bsp/mcu/all/bsp_group_irq.o
LOAD ./ra/fsp/src/bsp/mcu/all/bsp_guard.o
LOAD ./ra/fsp/src/bsp/mcu/all/bsp_io.o
LOAD ./ra/fsp/src/bsp/mcu/all/bsp_irq.o
LOAD ./ra/fsp/src/bsp/mcu/all/bsp_register_protection.o
LOAD ./ra/fsp/src/bsp/mcu/all/bsp_rom_registers.o
LOAD ./ra/fsp/src/bsp/mcu/all/bsp_sbrk.o
LOAD ./ra/fsp/src/bsp/mcu/all/bsp_security.o
LOAD ./ra/fsp/src/bsp/cmsis/Device/RENESAS/Source/startup.o
LOAD ./ra/fsp/src/bsp/cmsis/Device/RENESAS/Source/system.o
LOAD ./CH378_USB/ch378_file_device.o
LOAD ./CH378_USB/ch378_hard.o
LOAD ./CH378_USB/ch378_storage.o
END GROUP
START GROUP
LOAD c:/renesas/ra/e2studio_v2022-04_fsp_v3.8.0/toolchains/gcc_arm/gcc-arm-none-eabi-10.3-2021.10/bin/../lib/gcc/arm-none-eabi/10.3.1/thumb/v8-m.main+fp/hard\libgcc.a
LOAD c:/renesas/ra/e2studio_v2022-04_fsp_v3.8.0/toolchains/gcc_arm/gcc-arm-none-eabi-10.3-2021.10/bin/../lib/gcc/arm-none-eabi/10.3.1/../../../../arm-none-eabi/lib/thumb/v8-m.main+fp/hard\libg_nano.a
LOAD c:/renesas/ra/e2studio_v2022-04_fsp_v3.8.0/toolchains/gcc_arm/gcc-arm-none-eabi-10.3-2021.10/bin/../lib/gcc/arm-none-eabi/10.3.1/../../../../arm-none-eabi/lib/thumb/v8-m.main+fp/hard\libc_nano.a
END GROUP
START GROUP
LOAD c:/renesas/ra/e2studio_v2022-04_fsp_v3.8.0/toolchains/gcc_arm/gcc-arm-none-eabi-10.3-2021.10/bin/../lib/gcc/arm-none-eabi/10.3.1/thumb/v8-m.main+fp/hard\libgcc.a
LOAD c:/renesas/ra/e2studio_v2022-04_fsp_v3.8.0/toolchains/gcc_arm/gcc-arm-none-eabi-10.3-2021.10/bin/../lib/gcc/arm-none-eabi/10.3.1/../../../../arm-none-eabi/lib/thumb/v8-m.main+fp/hard\libc_nano.a
LOAD c:/renesas/ra/e2studio_v2022-04_fsp_v3.8.0/toolchains/gcc_arm/gcc-arm-none-eabi-10.3-2021.10/bin/../lib/gcc/arm-none-eabi/10.3.1/../../../../arm-none-eabi/lib/thumb/v8-m.main+fp/hard\librdimon_nano.a
END GROUP
START GROUP
LOAD c:/renesas/ra/e2studio_v2022-04_fsp_v3.8.0/toolchains/gcc_arm/gcc-arm-none-eabi-10.3-2021.10/bin/../lib/gcc/arm-none-eabi/10.3.1/thumb/v8-m.main+fp/hard\libgcc.a
LOAD c:/renesas/ra/e2studio_v2022-04_fsp_v3.8.0/toolchains/gcc_arm/gcc-arm-none-eabi-10.3-2021.10/bin/../lib/gcc/arm-none-eabi/10.3.1/../../../../arm-none-eabi/lib/thumb/v8-m.main+fp/hard\libc_nano.a
LOAD c:/renesas/ra/e2studio_v2022-04_fsp_v3.8.0/toolchains/gcc_arm/gcc-arm-none-eabi-10.3-2021.10/bin/../lib/gcc/arm-none-eabi/10.3.1/../../../../arm-none-eabi/lib/thumb/v8-m.main+fp/hard\librdimon_nano.a
END GROUP
LOAD c:/renesas/ra/e2studio_v2022-04_fsp_v3.8.0/toolchains/gcc_arm/gcc-arm-none-eabi-10.3-2021.10/bin/../lib/gcc/arm-none-eabi/10.3.1/thumb/v8-m.main+fp/hard/crtend.o
LOAD c:/renesas/ra/e2studio_v2022-04_fsp_v3.8.0/toolchains/gcc_arm/gcc-arm-none-eabi-10.3-2021.10/bin/../lib/gcc/arm-none-eabi/10.3.1/thumb/v8-m.main+fp/hard/crtn.o
                0x20000000                RAM_START = 0x20000000
                0x00040000                RAM_LENGTH = 0x40000
                0x00000000                FLASH_START = 0x0
                0x00100000                FLASH_LENGTH = 0x100000
                0x08000000                DATA_FLASH_START = 0x8000000
                0x00002000                DATA_FLASH_LENGTH = 0x2000
                0x0100a100                OPTION_SETTING_START = 0x100a100
                0x00000100                OPTION_SETTING_LENGTH = 0x100
                0x0100a200                OPTION_SETTING_S_START = 0x100a200
                0x00000100                OPTION_SETTING_S_LENGTH = 0x100
                0x00000000                ID_CODE_START = 0x0
                0x00000000                ID_CODE_LENGTH = 0x0
                0x90000000                SDRAM_START = 0x90000000
                0x00000000                SDRAM_LENGTH = 0x0
                0x60000000                QSPI_FLASH_START = 0x60000000
                0x04000000                QSPI_FLASH_LENGTH = 0x4000000
                0x68000000                OSPI_DEVICE_0_START = 0x68000000
                0x08000000                OSPI_DEVICE_0_LENGTH = 0x8000000
                0x70000000                OSPI_DEVICE_1_START = 0x70000000
                0x10000000                OSPI_DEVICE_1_LENGTH = 0x10000000
                0x04000000                QSPI_FLASH_PRV_LENGTH = DEFINED (QSPI_FLASH_SIZE)?ABSOLUTE (QSPI_FLASH_SIZE):ABSOLUTE (QSPI_FLASH_LENGTH)
                0x08000000                OSPI_DEVICE_0_PRV_LENGTH = DEFINED (OSPI_DEVICE_0_SIZE)?ABSOLUTE (OSPI_DEVICE_0_SIZE):ABSOLUTE (OSPI_DEVICE_0_LENGTH)
                0x10000000                OSPI_DEVICE_1_PRV_LENGTH = DEFINED (OSPI_DEVICE_1_SIZE)?ABSOLUTE (OSPI_DEVICE_1_SIZE):ABSOLUTE (OSPI_DEVICE_1_LENGTH)
                0x00000000                __RESERVE_NS_RAM = ((! (DEFINED (PROJECT_NONSECURE)) && DEFINED (RAM_NS_BUFFER_LENGTH)) && (OPTION_SETTING_S_LENGTH != 0x0))
                0x00000000                RAM_NS_BUFFER_BLOCK_LENGTH = DEFINED (RAM_NS_BUFFER_LENGTH)?ALIGN (RAM_NS_BUFFER_LENGTH, 0x2000):0x0
                0x00000000                RAM_NS_BUFFER_LENGTH = DEFINED (RAM_NS_BUFFER_LENGTH)?RAM_NS_BUFFER_LENGTH:0x0
                0x20040000                RAM_NS_BUFFER_START = ((RAM_START + RAM_LENGTH) - RAM_NS_BUFFER_LENGTH)
                0x20040000                RAM_NS_BUFFER_BLOCK_START = ((RAM_START + RAM_LENGTH) - RAM_NS_BUFFER_BLOCK_LENGTH)
                0x0100a180                OPTION_SETTING_START_NS = 0x100a180
                0x00000001                __bl_FSP_BOOTABLE_IMAGE = 0x1
                0x00000001                __bln_FSP_BOOTABLE_IMAGE = 0x1
                0x00000001                PROJECT_SECURE_OR_FLAT = ((! (DEFINED (PROJECT_NONSECURE)) && OPTION_SETTING_LENGTH) && ! (DEFINED (FSP_BOOTABLE_IMAGE)))
                0x00000000                USE_OPTION_SETTING_NS = (DEFINED (PROJECT_NONSECURE) && ! (DEFINED (FSP_BOOTABLE_IMAGE)))
                0x00000000                __bl_FLASH_IMAGE_START = ! (DEFINED (FLASH_BOOTLOADER_LENGTH))?0x0:(FLASH_APPLICATION_IMAGE_NUMBER == 0x1)?(FLASH_BOOTLOADER_LENGTH + FLASH_BOOTLOADER_HEADER_LENGTH):(((FLASH_BOOTLOADER_LENGTH + FLASH_BOOTLOADER_SCRATCH_LENGTH) + FLASH_APPLICATION_S_LENGTH) + FLASH_BOOTLOADER_HEADER_LENGTH)
                0x00000000                __bl_FLASH_IMAGE_LENGTH = ! (DEFINED (FLASH_BOOTLOADER_LENGTH))?0x0:(FLASH_APPLICATION_S_LENGTH - FLASH_BOOTLOADER_HEADER_LENGTH)
                0x00000000                __bl_FLASH_IMAGE_END = (__bl_FLASH_IMAGE_START + __bl_FLASH_IMAGE_LENGTH)
                0x00000000                __bl_XIP_SECONDARY_FLASH_IMAGE_START = ! (DEFINED (FLASH_BOOTLOADER_LENGTH))?0x0:((FLASH_BOOTLOADER_LENGTH + FLASH_APPLICATION_S_LENGTH) + FLASH_BOOTLOADER_HEADER_LENGTH)
                0x00000000                __bl_XIP_SECONDARY_FLASH_IMAGE_END = (__bl_XIP_SECONDARY_FLASH_IMAGE_START + __bl_FLASH_IMAGE_LENGTH)
                0x00000000                __bl_FLASH_NS_START = ! (DEFINED (FLASH_BOOTLOADER_LENGTH))?0x0:(FLASH_APPLICATION_NS_LENGTH == 0x0)?__bl_FLASH_IMAGE_END:((__bl_FLASH_IMAGE_START - FLASH_BOOTLOADER_HEADER_LENGTH) + FLASH_APPLICATION_S_LENGTH)
                0x00000000                __bl_FLASH_NSC_START = ! (DEFINED (FLASH_BOOTLOADER_LENGTH))?0x0:(FLASH_APPLICATION_NS_LENGTH == 0x0)?__bl_FLASH_IMAGE_END:(__bl_FLASH_NS_START - FLASH_APPLICATION_NSC_LENGTH)
                0x00000000                __bl_RAM_NS_START = ! (DEFINED (FLASH_BOOTLOADER_LENGTH))?0x0:(FLASH_APPLICATION_NS_LENGTH == 0x0)?(RAM_START + RAM_LENGTH):((RAM_START + RAM_LENGTH) - RAM_APPLICATION_NS_LENGTH)
                0x00000000                __bl_RAM_NSC_START = ! (DEFINED (FLASH_BOOTLOADER_LENGTH))?0x0:(FLASH_APPLICATION_NS_LENGTH == 0x0)?(RAM_START + RAM_LENGTH):(__bl_RAM_NS_START - RAM_APPLICATION_NSC_LENGTH)
                0x00000000                __bl_FLASH_NS_IMAGE_START = ! (DEFINED (FLASH_BOOTLOADER_LENGTH))?0x0:(FLASH_APPLICATION_NS_LENGTH == 0x0)?__bl_FLASH_IMAGE_END:(__bl_FLASH_NS_START + FLASH_BOOTLOADER_HEADER_LENGTH_2)
                0x00000000                __bln_FLASH_IMAGE_START = __bl_FLASH_NS_IMAGE_START
                0x00000000                __bln_FLASH_IMAGE_LENGTH = ! (DEFINED (FLASH_BOOTLOADER_LENGTH))?0x0:(FLASH_APPLICATION_NS_LENGTH == 0x0)?__bl_FLASH_IMAGE_END:(FLASH_APPLICATION_NS_LENGTH - FLASH_BOOTLOADER_HEADER_LENGTH_2)
                0x00000000                XIP_SECONDARY_SLOT_IMAGE = DEFINED (XIP_SECONDARY_SLOT_IMAGE)?XIP_SECONDARY_SLOT_IMAGE:0x0
                0x00000000                FLASH_ORIGIN = ! (DEFINED (FLASH_IMAGE_START))?FLASH_START:(XIP_SECONDARY_SLOT_IMAGE == 0x1)?XIP_SECONDARY_FLASH_IMAGE_START:FLASH_IMAGE_START
                0x00100000                LIMITED_FLASH_LENGTH = DEFINED (FLASH_IMAGE_LENGTH)?FLASH_IMAGE_LENGTH:DEFINED (FLASH_BOOTLOADER_LENGTH)?FLASH_BOOTLOADER_LENGTH:FLASH_LENGTH
START GROUP
LOAD c:/renesas/ra/e2studio_v2022-04_fsp_v3.8.0/toolchains/gcc_arm/gcc-arm-none-eabi-10.3-2021.10/bin/../lib/gcc/arm-none-eabi/10.3.1/thumb/v8-m.main+fp/hard\libgcc.a
LOAD c:/renesas/ra/e2studio_v2022-04_fsp_v3.8.0/toolchains/gcc_arm/gcc-arm-none-eabi-10.3-2021.10/bin/../lib/gcc/arm-none-eabi/10.3.1/../../../../arm-none-eabi/lib/thumb/v8-m.main+fp/hard\libc.a
LOAD c:/renesas/ra/e2studio_v2022-04_fsp_v3.8.0/toolchains/gcc_arm/gcc-arm-none-eabi-10.3-2021.10/bin/../lib/gcc/arm-none-eabi/10.3.1/../../../../arm-none-eabi/lib/thumb/v8-m.main+fp/hard\libm.a
LOAD c:/renesas/ra/e2studio_v2022-04_fsp_v3.8.0/toolchains/gcc_arm/gcc-arm-none-eabi-10.3-2021.10/bin/../lib/gcc/arm-none-eabi/10.3.1/../../../../arm-none-eabi/lib/thumb/v8-m.main+fp/hard\libnosys.a
END GROUP

.text           0x00000000     0x31a4
                0x00000000                __tz_FLASH_S = ABSOLUTE (FLASH_START)
                0x00000000                __ROM_Start = .
 *(.fixed_vectors*)
 .fixed_vectors
                0x00000000       0x40 ./ra/fsp/src/bsp/cmsis/Device/RENESAS/Source/startup.o
                0x00000000                __Vectors
 *(.application_vectors*)
 .application_vectors
                0x00000040      0x180 ./ra_gen/vector_data.o
                0x00000040                g_vector_table
                0x000001c0                __Vectors_End = .
                0x000001c0                . = (OPTION_SETTING_LENGTH > 0x0)?.:(__ROM_Start + 0x400)
 *(.rom_registers*)
                0x000001c0                . = (OPTION_SETTING_LENGTH > 0x0)?.:(__ROM_Start + 0x500)
                0x00000200                . = ALIGN (0x80)
 *fill*         0x000001c0       0x40 ff
 *(.mcuboot_sce9_key*)
 *(.text*)
 .text          0x00000200       0x40 c:/renesas/ra/e2studio_v2022-04_fsp_v3.8.0/toolchains/gcc_arm/gcc-arm-none-eabi-10.3-2021.10/bin/../lib/gcc/arm-none-eabi/10.3.1/thumb/v8-m.main+fp/hard/crtbegin.o
 .text.hal_entry
                0x00000240       0xe8 ./src/hal_entry.o
                0x00000240                hal_entry
 .text.R_BSP_WarmStart
                0x00000328       0x2c ./src/hal_entry.o
                0x00000328                R_BSP_WarmStart
 .text.main     0x00000354        0xe ./ra_gen/main.o
                0x00000354                main
 *fill*         0x00000362        0x2 ff
 .text.R_BSP_PinRead
                0x00000364       0x38 ./ra/fsp/src/r_ioport/r_ioport.o
 .text.R_BSP_PinAccessEnable
                0x0000039c       0x60 ./ra/fsp/src/r_ioport/r_ioport.o
 .text.R_BSP_PinAccessDisable
                0x000003fc       0x68 ./ra/fsp/src/r_ioport/r_ioport.o
 .text.R_IOPORT_Open
                0x00000464       0x28 ./ra/fsp/src/r_ioport/r_ioport.o
                0x00000464                R_IOPORT_Open
 .text.R_IOPORT_Close
                0x0000048c       0x20 ./ra/fsp/src/r_ioport/r_ioport.o
                0x0000048c                R_IOPORT_Close
 .text.R_IOPORT_PinsCfg
                0x000004ac       0x1a ./ra/fsp/src/r_ioport/r_ioport.o
                0x000004ac                R_IOPORT_PinsCfg
 .text.R_IOPORT_PinCfg
                0x000004c6       0x46 ./ra/fsp/src/r_ioport/r_ioport.o
                0x000004c6                R_IOPORT_PinCfg
 .text.R_IOPORT_PinRead
                0x0000050c       0x28 ./ra/fsp/src/r_ioport/r_ioport.o
                0x0000050c                R_IOPORT_PinRead
 .text.R_IOPORT_PortRead
                0x00000534       0x3a ./ra/fsp/src/r_ioport/r_ioport.o
                0x00000534                R_IOPORT_PortRead
 .text.R_IOPORT_PortWrite
                0x0000056e       0x62 ./ra/fsp/src/r_ioport/r_ioport.o
                0x0000056e                R_IOPORT_PortWrite
 .text.R_IOPORT_PinWrite
                0x000005d0       0x6e ./ra/fsp/src/r_ioport/r_ioport.o
                0x000005d0                R_IOPORT_PinWrite
 .text.R_IOPORT_PortDirectionSet
                0x0000063e       0x72 ./ra/fsp/src/r_ioport/r_ioport.o
                0x0000063e                R_IOPORT_PortDirectionSet
 .text.R_IOPORT_PortEventInputRead
                0x000006b0       0x3e ./ra/fsp/src/r_ioport/r_ioport.o
                0x000006b0                R_IOPORT_PortEventInputRead
 .text.R_IOPORT_PinEventInputRead
                0x000006ee       0x62 ./ra/fsp/src/r_ioport/r_ioport.o
                0x000006ee                R_IOPORT_PinEventInputRead
 .text.R_IOPORT_PortEventOutputWrite
                0x00000750       0x62 ./ra/fsp/src/r_ioport/r_ioport.o
                0x00000750                R_IOPORT_PortEventOutputWrite
 .text.R_IOPORT_PinEventOutputWrite
                0x000007b2       0x5e ./ra/fsp/src/r_ioport/r_ioport.o
                0x000007b2                R_IOPORT_PinEventOutputWrite
 .text.R_IOPORT_EthernetModeCfg
                0x00000810       0x28 ./ra/fsp/src/r_ioport/r_ioport.o
                0x00000810                R_IOPORT_EthernetModeCfg
 .text.r_ioport_pins_config
                0x00000838       0x56 ./ra/fsp/src/r_ioport/r_ioport.o
 .text.r_ioport_hw_pin_event_output_data_write
                0x0000088e       0x88 ./ra/fsp/src/r_ioport/r_ioport.o
 *fill*         0x00000916        0x2 ff
 .text.r_ioport_pfs_write
                0x00000918       0x78 ./ra/fsp/src/r_ioport/r_ioport.o
 .text.bsp_vbatt_init
                0x00000990       0xd8 ./ra/fsp/src/r_ioport/r_ioport.o
 .text.R_FSP_CurrentIrqGet
                0x00000a68       0x2c ./ra/fsp/src/r_icu/r_icu.o
 .text.R_FSP_IsrContextSet
                0x00000a94       0x28 ./ra/fsp/src/r_icu/r_icu.o
 .text.R_BSP_IrqStatusClear
                0x00000abc       0x30 ./ra/fsp/src/r_icu/r_icu.o
 .text.R_BSP_IrqClearPending
                0x00000aec       0x40 ./ra/fsp/src/r_icu/r_icu.o
 .text.R_BSP_IrqCfg
                0x00000b2c       0x3c ./ra/fsp/src/r_icu/r_icu.o
 .text.R_BSP_IrqEnableNoClear
                0x00000b68       0x38 ./ra/fsp/src/r_icu/r_icu.o
 .text.R_BSP_IrqEnable
                0x00000ba0       0x26 ./ra/fsp/src/r_icu/r_icu.o
 *fill*         0x00000bc6        0x2 ff
 .text.R_FSP_IsrContextGet
                0x00000bc8       0x24 ./ra/fsp/src/r_icu/r_icu.o
 .text.R_ICU_ExternalIrqOpen
                0x00000bec       0xcc ./ra/fsp/src/r_icu/r_icu.o
                0x00000bec                R_ICU_ExternalIrqOpen
 .text.R_ICU_ExternalIrqEnable
                0x00000cb8       0x22 ./ra/fsp/src/r_icu/r_icu.o
                0x00000cb8                R_ICU_ExternalIrqEnable
 *fill*         0x00000cda        0x2 ff
 .text.r_icu_isr
                0x00000cdc       0x80 ./ra/fsp/src/r_icu/r_icu.o
                0x00000cdc                r_icu_isr
 .text.R_BSP_FlashCacheEnable
                0x00000d5c       0x40 ./ra/fsp/src/bsp/mcu/all/bsp_clocks.o
 .text.SystemCoreClockUpdate
                0x00000d9c       0x40 ./ra/fsp/src/bsp/mcu/all/bsp_clocks.o
                0x00000d9c                SystemCoreClockUpdate
 .text.bsp_prv_clock_set_hard_reset
                0x00000ddc       0x30 ./ra/fsp/src/bsp/mcu/all/bsp_clocks.o
 .text.bsp_clock_freq_var_init
                0x00000e0c       0x48 ./ra/fsp/src/bsp/mcu/all/bsp_clocks.o
 .text.bsp_clock_init
                0x00000e54       0xb8 ./ra/fsp/src/bsp/mcu/all/bsp_clocks.o
                0x00000e54                bsp_clock_init
 .text.bsp_init_internal
                0x00000f0c       0x14 ./ra/fsp/src/bsp/mcu/all/bsp_common.o
                0x00000f0c                bsp_init_internal
                0x00000f0c                bsp_init
 .text.R_BSP_SoftwareDelay
                0x00000f20      0x164 ./ra/fsp/src/bsp/mcu/all/bsp_delay.o
                0x00000f20                R_BSP_SoftwareDelay
 .text.bsp_prv_software_delay_loop
                0x00001084        0xc ./ra/fsp/src/bsp/mcu/all/bsp_delay.o
                0x00001084                bsp_prv_software_delay_loop
 .text.bsp_group_irq_call
                0x00001090       0x30 ./ra/fsp/src/bsp/mcu/all/bsp_group_irq.o
 .text.NMI_Handler
                0x000010c0       0x4c ./ra/fsp/src/bsp/mcu/all/bsp_group_irq.o
                0x000010c0                NMI_Handler
 .text.bsp_irq_cfg
                0x0000110c       0xfc ./ra/fsp/src/bsp/mcu/all/bsp_irq.o
                0x0000110c                bsp_irq_cfg
 .text.R_BSP_RegisterProtectEnable
                0x00001208       0xa0 ./ra/fsp/src/bsp/mcu/all/bsp_register_protection.o
                0x00001208                R_BSP_RegisterProtectEnable
 .text.R_BSP_RegisterProtectDisable
                0x000012a8       0x90 ./ra/fsp/src/bsp/mcu/all/bsp_register_protection.o
                0x000012a8                R_BSP_RegisterProtectDisable
 .text._sbrk    0x00001338       0x6c ./ra/fsp/src/bsp/mcu/all/bsp_sbrk.o
                0x00001338                _sbrk
 .text.Reset_Handler
                0x000013a4        0xe ./ra/fsp/src/bsp/cmsis/Device/RENESAS/Source/startup.o
                0x000013a4                Reset_Handler
 .text.Default_Handler
                0x000013b2       0x10 ./ra/fsp/src/bsp/cmsis/Device/RENESAS/Source/startup.o
                0x000013b2                DebugMon_Handler
                0x000013b2                HardFault_Handler
                0x000013b2                SysTick_Handler
                0x000013b2                PendSV_Handler
                0x000013b2                UsageFault_Handler
                0x000013b2                SecureFault_Handler
                0x000013b2                Default_Handler
                0x000013b2                MemManage_Handler
                0x000013b2                SVC_Handler
                0x000013b2                BusFault_Handler
 *fill*         0x000013c2        0x2 ff
 .text.SystemInit
                0x000013c4       0xf0 ./ra/fsp/src/bsp/cmsis/Device/RENESAS/Source/system.o
                0x000013c4                SystemInit
 .text.ch378_delay_dev
                0x000014b4       0x2e ./CH378_USB/ch378_file_device.o
 .text.CH378Read32bitDat
                0x000014e2       0x52 ./CH378_USB/ch378_file_device.o
 .text.CH378ReadVar8
                0x00001534       0x2e ./CH378_USB/ch378_file_device.o
 .text.CH378ReadVar32
                0x00001562       0x26 ./CH378_USB/ch378_file_device.o
 .text.CH378GetTrueLen
                0x00001588       0x14 ./CH378_USB/ch378_file_device.o
 .text.CH378GetIntStatus
                0x0000159c       0x1e ./CH378_USB/ch378_file_device.o
                0x0000159c                CH378GetIntStatus
 *fill*         0x000015ba        0x2 ff
 .text.Wait378Interrupt
                0x000015bc       0x50 ./CH378_USB/ch378_file_device.o
 .text.CH378SendCmdWaitInt
                0x0000160c       0x34 ./CH378_USB/ch378_file_device.o
 .text.CH378SendCmdDatWaitInt
                0x00001640       0x44 ./CH378_USB/ch378_file_device.o
 .text.CH378DiskConnect
                0x00001684       0x10 ./CH378_USB/ch378_file_device.o
                0x00001684                CH378DiskConnect
 .text.CH378GetDiskStatus
                0x00001694       0x10 ./CH378_USB/ch378_file_device.o
                0x00001694                CH378GetDiskStatus
 .text.CH378DiskReady
                0x000016a4       0x10 ./CH378_USB/ch378_file_device.o
                0x000016a4                CH378DiskReady
 .text.CH378ReadBlock
                0x000016b4       0x5e ./CH378_USB/ch378_file_device.o
 .text.CH378WriteOfsBlock
                0x00001712       0x7c ./CH378_USB/ch378_file_device.o
 .text.CH378SetFileName
                0x0000178e       0x4e ./CH378_USB/ch378_file_device.o
 .text.CH378GetFileSize
                0x000017dc       0x10 ./CH378_USB/ch378_file_device.o
                0x000017dc                CH378GetFileSize
 .text.CH378FileOpen
                0x000017ec       0x1e ./CH378_USB/ch378_file_device.o
                0x000017ec                CH378FileOpen
 .text.CH378FileCreate
                0x0000180a       0x1e ./CH378_USB/ch378_file_device.o
                0x0000180a                CH378FileCreate
 .text.CH378FileDirCreate
                0x00001828       0x1e ./CH378_USB/ch378_file_device.o
                0x00001828                CH378FileDirCreate
 .text.CH378FileClose
                0x00001846       0x1e ./CH378_USB/ch378_file_device.o
                0x00001846                CH378FileClose
 .text.CH378ByteLocate
                0x00001864       0x64 ./CH378_USB/ch378_file_device.o
                0x00001864                CH378ByteLocate
 .text.CH378ByteRead
                0x000018c8       0x84 ./CH378_USB/ch378_file_device.o
                0x000018c8                CH378ByteRead
 .text.CH378ByteWrite
                0x0000194c       0x80 ./CH378_USB/ch378_file_device.o
                0x0000194c                CH378ByteWrite
 .text.ch378_delay_hard
                0x000019cc       0x3a ./CH378_USB/ch378_hard.o
 *fill*         0x00001a06        0x2 ff
 .text.ch378_rst
                0x00001a08       0x24 ./CH378_USB/ch378_hard.o
 .text.ch378_pcs
                0x00001a2c       0x24 ./CH378_USB/ch378_hard.o
 .text.ch378_ao
                0x00001a50       0x24 ./CH378_USB/ch378_hard.o
 .text.ch378_wr
                0x00001a74       0x24 ./CH378_USB/ch378_hard.o
 .text.ch378_rd
                0x00001a98       0x24 ./CH378_USB/ch378_hard.o
 .text.ch378_data_direction
                0x00001abc       0x3c ./CH378_USB/ch378_hard.o
 .text.ch378_data_write
                0x00001af8       0x28 ./CH378_USB/ch378_hard.o
 .text.ch378_data_read
                0x00001b20       0x30 ./CH378_USB/ch378_hard.o
 .text.CH378_Port_Init
                0x00001b50       0x58 ./CH378_USB/ch378_hard.o
 .text.xWriteCH378Cmd
                0x00001ba8       0x56 ./CH378_USB/ch378_hard.o
                0x00001ba8                xWriteCH378Cmd
 .text.xWriteCH378Data
                0x00001bfe       0x50 ./CH378_USB/ch378_hard.o
                0x00001bfe                xWriteCH378Data
 .text.xReadCH378Data
                0x00001c4e       0x46 ./CH378_USB/ch378_hard.o
                0x00001c4e                xReadCH378Data
 .text.USB_INT  0x00001c94       0x38 ./CH378_USB/ch378_hard.o
                0x00001c94                USB_INT
 .text.Init_CH378Host
                0x00001ccc       0x8c ./CH378_USB/ch378_hard.o
                0x00001ccc                Init_CH378Host
 .text.storage_date_is_valid
                0x00001d58       0xc0 ./CH378_USB/ch378_storage.o
 .text.storage_mount
                0x00001e18       0xe4 ./CH378_USB/ch378_storage.o
 .text.storage_create_file
                0x00001efc       0xa6 ./CH378_USB/ch378_storage.o
 .text.storage_append_record
                0x00001fa2       0xb2 ./CH378_USB/ch378_storage.o
 .text.ch378_storage_config
                0x00002054       0x50 ./CH378_USB/ch378_storage.o
                0x00002054                ch378_storage_config
 .text.ch378_storage_write
                0x000020a4      0x27c ./CH378_USB/ch378_storage.o
                0x000020a4                ch378_storage_write
 .text.ch378_storage_read
                0x00002320      0x19c ./CH378_USB/ch378_storage.o
                0x00002320                ch378_storage_read
 .text.__errno  0x000024bc        0xc c:/renesas/ra/e2studio_v2022-04_fsp_v3.8.0/toolchains/gcc_arm/gcc-arm-none-eabi-10.3-2021.10/bin/../lib/gcc/arm-none-eabi/10.3.1/../../../../arm-none-eabi/lib/thumb/v8-m.main+fp/hard\libg_nano.a(lib_a-errno.o)
                0x000024bc                __errno
 .text.memcpy   0x000024c8       0x1a c:/renesas/ra/e2studio_v2022-04_fsp_v3.8.0/toolchains/gcc_arm/gcc-arm-none-eabi-10.3-2021.10/bin/../lib/gcc/arm-none-eabi/10.3.1/../../../../arm-none-eabi/lib/thumb/v8-m.main+fp/hard\libg_nano.a(lib_a-memcpy-stub.o)
                0x000024c8                memcpy
 .text.memset   0x000024e2       0x10 c:/renesas/ra/e2studio_v2022-04_fsp_v3.8.0/toolchains/gcc_arm/gcc-arm-none-eabi-10.3-2021.10/bin/../lib/gcc/arm-none-eabi/10.3.1/../../../../arm-none-eabi/lib/thumb/v8-m.main+fp/hard\libg_nano.a(lib_a-memset.o)
                0x000024e2                memset
 *fill*         0x000024f2        0x2 ff
 .text.snprintf
                0x000024f4       0x68 c:/renesas/ra/e2studio_v2022-04_fsp_v3.8.0/toolchains/gcc_arm/gcc-arm-none-eabi-10.3-2021.10/bin/../lib/gcc/arm-none-eabi/10.3.1/../../../../arm-none-eabi/lib/thumb/v8-m.main+fp/hard\libg_nano.a(lib_a-snprintf.o)
                0x000024f4                sniprintf
                0x000024f4                snprintf
 .text          0x0000255c       0x10 c:/renesas/ra/e2studio_v2022-04_fsp_v3.8.0/toolchains/gcc_arm/gcc-arm-none-eabi-10.3-2021.10/bin/../lib/gcc/arm-none-eabi/10.3.1/../../../../arm-none-eabi/lib/thumb/v8-m.main+fp/hard\libg_nano.a(lib_a-strlen.o)
                0x0000255c                strlen
 .text.__ssputs_r
                0x0000256c       0xb6 c:/renesas/ra/e2studio_v2022-04_fsp_v3.8.0/toolchains/gcc_arm/gcc-arm-none-eabi-10.3-2021.10/bin/../lib/gcc/arm-none-eabi/10.3.1/../../../../arm-none-eabi/lib/thumb/v8-m.main+fp/hard\libg_nano.a(lib_a-nano-svfprintf.o)
                0x0000256c                __ssputs_r
 *fill*         0x00002622        0x2 ff
 .text._svfprintf_r
                0x00002624      0x200 c:/renesas/ra/e2studio_v2022-04_fsp_v3.8.0/toolchains/gcc_arm/gcc-arm-none-eabi-10.3-2021.10/bin/../lib/gcc/arm-none-eabi/10.3.1/../../../../arm-none-eabi/lib/thumb/v8-m.main+fp/hard\libg_nano.a(lib_a-nano-svfprintf.o)
                0x00002624                _svfiprintf_r
                0x00002624                _svfprintf_r
 .text._printf_common
                0x00002824       0xe0 c:/renesas/ra/e2studio_v2022-04_fsp_v3.8.0/toolchains/gcc_arm/gcc-arm-none-eabi-10.3-2021.10/bin/../lib/gcc/arm-none-eabi/10.3.1/../../../../arm-none-eabi/lib/thumb/v8-m.main+fp/hard\libg_nano.a(lib_a-nano-vfprintf_i.o)
                0x00002824                _printf_common
 .text._printf_i
                0x00002904      0x24c c:/renesas/ra/e2studio_v2022-04_fsp_v3.8.0/toolchains/gcc_arm/gcc-arm-none-eabi-10.3-2021.10/bin/../lib/gcc/arm-none-eabi/10.3.1/../../../../arm-none-eabi/lib/thumb/v8-m.main+fp/hard\libg_nano.a(lib_a-nano-vfprintf_i.o)
                0x00002904                _printf_i
 .text.memchr   0x00002b50       0x1c c:/renesas/ra/e2studio_v2022-04_fsp_v3.8.0/toolchains/gcc_arm/gcc-arm-none-eabi-10.3-2021.10/bin/../lib/gcc/arm-none-eabi/10.3.1/../../../../arm-none-eabi/lib/thumb/v8-m.main+fp/hard\libg_nano.a(lib_a-memchr-stub.o)
                0x00002b50                memchr
 .text.memmove  0x00002b6c       0x34 c:/renesas/ra/e2studio_v2022-04_fsp_v3.8.0/toolchains/gcc_arm/gcc-arm-none-eabi-10.3-2021.10/bin/../lib/gcc/arm-none-eabi/10.3.1/../../../../arm-none-eabi/lib/thumb/v8-m.main+fp/hard\libg_nano.a(lib_a-memmove.o)
                0x00002b6c                memmove
 .text._free_r  0x00002ba0       0x98 c:/renesas/ra/e2studio_v2022-04_fsp_v3.8.0/toolchains/gcc_arm/gcc-arm-none-eabi-10.3-2021.10/bin/../lib/gcc/arm-none-eabi/10.3.1/../../../../arm-none-eabi/lib/thumb/v8-m.main+fp/hard\libg_nano.a(lib_a-nano-freer.o)
                0x00002ba0                _free_r
 .text.sbrk_aligned
                0x00002c38       0x40 c:/renesas/ra/e2studio_v2022-04_fsp_v3.8.0/toolchains/gcc_arm/gcc-arm-none-eabi-10.3-2021.10/bin/../lib/gcc/arm-none-eabi/10.3.1/../../../../arm-none-eabi/lib/thumb/v8-m.main+fp/hard\libg_nano.a(lib_a-nano-mallocr.o)
 .text._malloc_r
                0x00002c78       0xe8 c:/renesas/ra/e2studio_v2022-04_fsp_v3.8.0/toolchains/gcc_arm/gcc-arm-none-eabi-10.3-2021.10/bin/../lib/gcc/arm-none-eabi/10.3.1/../../../../arm-none-eabi/lib/thumb/v8-m.main+fp/hard\libg_nano.a(lib_a-nano-mallocr.o)
                0x00002c78                _malloc_r
 .text._realloc_r
                0x00002d60       0x5e c:/renesas/ra/e2studio_v2022-04_fsp_v3.8.0/toolchains/gcc_arm/gcc-arm-none-eabi-10.3-2021.10/bin/../lib/gcc/arm-none-eabi/10.3.1/../../../../arm-none-eabi/lib/thumb/v8-m.main+fp/hard\libg_nano.a(lib_a-nano-reallocr.o)
                0x00002d60                _realloc_r
 *fill*         0x00002dbe        0x2 ff
 .text._sbrk_r  0x00002dc0       0x20 c:/renesas/ra/e2studio_v2022-04_fsp_v3.8.0/toolchains/gcc_arm/gcc-arm-none-eabi-10.3-2021.10/bin/../lib/gcc/arm-none-eabi/10.3.1/../../../../arm-none-eabi/lib/thumb/v8-m.main+fp/hard\libg_nano.a(lib_a-sbrkr.o)
                0x00002dc0                _sbrk_r
 .text.__malloc_lock
                0x00002de0        0xc c:/renesas/ra/e2studio_v2022-04_fsp_v3.8.0/toolchains/gcc_arm/gcc-arm-none-eabi-10.3-2021.10/bin/../lib/gcc/arm-none-eabi/10.3.1/../../../../arm-none-eabi/lib/thumb/v8-m.main+fp/hard\libg_nano.a(lib_a-mlock.o)
                0x00002de0                __malloc_lock
 .text.__malloc_unlock
                0x00002dec        0xc c:/renesas/ra/e2studio_v2022-04_fsp_v3.8.0/toolchains/gcc_arm/gcc-arm-none-eabi-10.3-2021.10/bin/../lib/gcc/arm-none-eabi/10.3.1/../../../../arm-none-eabi/lib/thumb/v8-m.main+fp/hard\libg_nano.a(lib_a-mlock.o)
                0x00002dec                __malloc_unlock
 .text._malloc_usable_size_r
                0x00002df8       0x10 c:/renesas/ra/e2studio_v2022-04_fsp_v3.8.0/toolchains/gcc_arm/gcc-arm-none-eabi-10.3-2021.10/bin/../lib/gcc/arm-none-eabi/10.3.1/../../../../arm-none-eabi/lib/thumb/v8-m.main+fp/hard\libg_nano.a(lib_a-nano-msizer.o)
                0x00002df8                _malloc_usable_size_r
 .text.__retarget_lock_acquire_recursive
                0x00002e08        0x2 c:/renesas/ra/e2studio_v2022-04_fsp_v3.8.0/toolchains/gcc_arm/gcc-arm-none-eabi-10.3-2021.10/bin/../lib/gcc/arm-none-eabi/10.3.1/../../../../arm-none-eabi/lib/thumb/v8-m.main+fp/hard\libg_nano.a(lib_a-lock.o)
                0x00002e08                __retarget_lock_acquire_recursive
 .text.__retarget_lock_release_recursive
                0x00002e0a        0x2 c:/renesas/ra/e2studio_v2022-04_fsp_v3.8.0/toolchains/gcc_arm/gcc-arm-none-eabi-10.3-2021.10/bin/../lib/gcc/arm-none-eabi/10.3.1/../../../../arm-none-eabi/lib/thumb/v8-m.main+fp/hard\libg_nano.a(lib_a-lock.o)
                0x00002e0a                __retarget_lock_release_recursive
 *(.version)
 .version       0x00002e0c       0x50 ./ra/fsp/src/bsp/mcu/all/bsp_common.o
 *(.init)
 .init          0x00002e5c        0x4 c:/renesas/ra/e2studio_v2022-04_fsp_v3.8.0/toolchains/gcc_arm/gcc-arm-none-eabi-10.3-2021.10/bin/../lib/gcc/arm-none-eabi/10.3.1/thumb/v8-m.main+fp/hard/crti.o
                0x00002e5c                _init
 .init          0x00002e60        0x8 c:/renesas/ra/e2studio_v2022-04_fsp_v3.8.0/toolchains/gcc_arm/gcc-arm-none-eabi-10.3-2021.10/bin/../lib/gcc/arm-none-eabi/10.3.1/thumb/v8-m.main+fp/hard/crtn.o
 *(.fini)
 .fini          0x00002e68        0x4 c:/renesas/ra/e2studio_v2022-04_fsp_v3.8.0/toolchains/gcc_arm/gcc-arm-none-eabi-10.3-2021.10/bin/../lib/gcc/arm-none-eabi/10.3.1/thumb/v8-m.main+fp/hard/crti.o
                0x00002e68                _fini
 .fini          0x00002e6c        0x8 c:/renesas/ra/e2studio_v2022-04_fsp_v3.8.0/toolchains/gcc_arm/gcc-arm-none-eabi-10.3-2021.10/bin/../lib/gcc/arm-none-eabi/10.3.1/thumb/v8-m.main+fp/hard/crtn.o
 *crtbegin.o(.ctors)
 *crtbegin?.o(.ctors)
 *(EXCLUDE_FILE(*crtend.o *crtend?.o) .ctors)
 *(SORT_BY_NAME(.ctors.*))
 *(.ctors)
 *crtbegin.o(.dtors)
 *crtbegin?.o(.dtors)
 *(EXCLUDE_FILE(*crtend.o *crtend?.o) .dtors)
 *(SORT_BY_NAME(.dtors.*))
 *(.dtors)
 *(.rodata*)
 .rodata        0x00002e74       0x65 ./src/hal_entry.o
 *fill*         0x00002ed9        0x3 ff
 .rodata.g_external_irq10_cfg
                0x00002edc       0x14 ./ra_gen/common_data.o
                0x00002edc                g_external_irq10_cfg
 .rodata.g_ioport
                0x00002ef0        0xc ./ra_gen/common_data.o
                0x00002ef0                g_ioport
 .rodata.g_bsp_pin_cfg_data
                0x00002efc       0x90 ./ra_gen/pin_data.o
                0x00002efc                g_bsp_pin_cfg_data
 .rodata.g_bsp_pin_cfg
                0x00002f8c        0x8 ./ra_gen/pin_data.o
                0x00002f8c                g_bsp_pin_cfg
 .rodata.g_interrupt_event_link_select
                0x00002f94       0xc0 ./ra_gen/vector_data.o
                0x00002f94                g_interrupt_event_link_select
 .rodata.g_ioport_on_ioport
                0x00003054       0x38 ./ra/fsp/src/r_ioport/r_ioport.o
                0x00003054                g_ioport_on_ioport
 .rodata.g_vbatt_pins_input
                0x0000308c        0x6 ./ra/fsp/src/r_ioport/r_ioport.o
 *fill*         0x00003092        0x2 ff
 .rodata.g_prcr_masks
                0x00003094        0x8 ./ra/fsp/src/bsp/mcu/all/bsp_register_protection.o
 .rodata        0x0000309c       0x62 ./CH378_USB/ch378_storage.o
 *fill*         0x000030fe        0x2 ff
 .rodata.days_in_month.0
                0x00003100        0xc ./CH378_USB/ch378_storage.o
 .rodata._svfprintf_r.str1.1
                0x0000310c       0x11 c:/renesas/ra/e2studio_v2022-04_fsp_v3.8.0/toolchains/gcc_arm/gcc-arm-none-eabi-10.3-2021.10/bin/../lib/gcc/arm-none-eabi/10.3.1/../../../../arm-none-eabi/lib/thumb/v8-m.main+fp/hard\libg_nano.a(lib_a-nano-svfprintf.o)
 .rodata._printf_i.str1.1
                0x0000311d       0x22 c:/renesas/ra/e2studio_v2022-04_fsp_v3.8.0/toolchains/gcc_arm/gcc-arm-none-eabi-10.3-2021.10/bin/../lib/gcc/arm-none-eabi/10.3.1/../../../../arm-none-eabi/lib/thumb/v8-m.main+fp/hard\libg_nano.a(lib_a-nano-vfprintf_i.o)
 *fill*         0x0000313f        0x1 ff
 .rodata.__sf_fake_stderr
                0x00003140       0x20 c:/renesas/ra/e2studio_v2022-04_fsp_v3.8.0/toolchains/gcc_arm/gcc-arm-none-eabi-10.3-2021.10/bin/../lib/gcc/arm-none-eabi/10.3.1/../../../../arm-none-eabi/lib/thumb/v8-m.main+fp/hard\libc_nano.a(lib_a-findfp.o)
                0x00003140                __sf_fake_stderr
 .rodata.__sf_fake_stdin
                0x00003160       0x20 c:/renesas/ra/e2studio_v2022-04_fsp_v3.8.0/toolchains/gcc_arm/gcc-arm-none-eabi-10.3-2021.10/bin/../lib/gcc/arm-none-eabi/10.3.1/../../../../arm-none-eabi/lib/thumb/v8-m.main+fp/hard\libc_nano.a(lib_a-findfp.o)
                0x00003160                __sf_fake_stdin
 .rodata.__sf_fake_stdout
                0x00003180       0x20 c:/renesas/ra/e2studio_v2022-04_fsp_v3.8.0/toolchains/gcc_arm/gcc-arm-none-eabi-10.3-2021.10/bin/../lib/gcc/arm-none-eabi/10.3.1/../../../../arm-none-eabi/lib/thumb/v8-m.main+fp/hard\libc_nano.a(lib_a-findfp.o)
                0x00003180                __sf_fake_stdout
                0x000031a0                __usb_dev_descriptor_start_fs = .
 *(.usb_device_desc_fs*)
                0x000031a0                __usb_cfg_descriptor_start_fs = .
 *(.usb_config_desc_fs*)
                0x000031a0                __usb_interface_descriptor_start_fs = .
 *(.usb_interface_desc_fs*)
                0x000031a0                __usb_descriptor_end_fs = .
                0x000031a0                __usb_dev_descriptor_start_hs = .
 *(.usb_device_desc_hs*)
                0x000031a0                __usb_cfg_descriptor_start_hs = .
 *(.usb_config_desc_hs*)
                0x000031a0                __usb_interface_descriptor_start_hs = .
 *(.usb_interface_desc_hs*)
                0x000031a0                __usb_descriptor_end_hs = .
 *(.eh_frame*)
 .eh_frame      0x000031a0        0x0 c:/renesas/ra/e2studio_v2022-04_fsp_v3.8.0/toolchains/gcc_arm/gcc-arm-none-eabi-10.3-2021.10/bin/../lib/gcc/arm-none-eabi/10.3.1/thumb/v8-m.main+fp/hard/crtbegin.o
 .eh_frame      0x000031a0        0x4 c:/renesas/ra/e2studio_v2022-04_fsp_v3.8.0/toolchains/gcc_arm/gcc-arm-none-eabi-10.3-2021.10/bin/../lib/gcc/arm-none-eabi/10.3.1/thumb/v8-m.main+fp/hard/crtend.o
                0x000031a4                __ROM_End = .
                0x000001c0                __Vectors_Size = (__Vectors_End - __Vectors)

.glue_7         0x000031a4        0x0
 .glue_7        0x000031a4        0x0 linker stubs

.glue_7t        0x000031a4        0x0
 .glue_7t       0x000031a4        0x0 linker stubs

.vfp11_veneer   0x000031a4        0x0
 .vfp11_veneer  0x000031a4        0x0 linker stubs

.v4_bx          0x000031a4        0x0
 .v4_bx         0x000031a4        0x0 linker stubs

.iplt           0x000031a4        0x0
 .iplt          0x000031a4        0x0 c:/renesas/ra/e2studio_v2022-04_fsp_v3.8.0/toolchains/gcc_arm/gcc-arm-none-eabi-10.3-2021.10/bin/../lib/gcc/arm-none-eabi/10.3.1/thumb/v8-m.main+fp/hard/crtbegin.o

.ARM.extab
 *(.ARM.extab* .gnu.linkonce.armextab.*)
                0x000031a4                __exidx_start = .

.ARM.exidx
 *(.ARM.exidx* .gnu.linkonce.armexidx.*)
                0x000031a4                __exidx_end = .
                0x000031a4                __etext = .
                0x20000000                __tz_RAM_S = ORIGIN (RAM)

.fsp_dtc_vector_table
                0x20000000        0x0
                0x20000000                . = ORIGIN (RAM)
 *(.fsp_dtc_vector_table)

.data           0x20000000       0x74 load address 0x000031a4
                0x20000000                __data_start__ = .
                0x20000000                . = ALIGN (0x4)
                0x20000000                __Code_In_RAM_Start = .
 *(.code_in_ram*)
                0x20000000                __Code_In_RAM_End = .
 *(vtable)
 *(.data.*)
 .data.g_demo_write_result_45
                0x20000000        0x1 ./src/hal_entry.o
                0x20000000                g_demo_write_result_45
 .data.g_demo_write_result_46
                0x20000001        0x1 ./src/hal_entry.o
                0x20000001                g_demo_write_result_46
 .data.g_demo_read_result_45
                0x20000002        0x1 ./src/hal_entry.o
                0x20000002                g_demo_read_result_45
 .data.g_demo_read_result_46
                0x20000003        0x1 ./src/hal_entry.o
                0x20000003                g_demo_read_result_46
 .data.ch378_host_mode
                0x20000004        0x1 ./CH378_USB/ch378_hard.o
                0x20000004                ch378_host_mode
 *fill*         0x20000005        0x3 
 .data._impure_ptr
                0x20000008        0x4 c:/renesas/ra/e2studio_v2022-04_fsp_v3.8.0/toolchains/gcc_arm/gcc-arm-none-eabi-10.3-2021.10/bin/../lib/gcc/arm-none-eabi/10.3.1/../../../../arm-none-eabi/lib/thumb/v8-m.main+fp/hard\libg_nano.a(lib_a-impure.o)
                0x20000008                _impure_ptr
 .data.impure_data
                0x2000000c       0x60 c:/renesas/ra/e2studio_v2022-04_fsp_v3.8.0/toolchains/gcc_arm/gcc-arm-none-eabi-10.3-2021.10/bin/../lib/gcc/arm-none-eabi/10.3.1/../../../../arm-none-eabi/lib/thumb/v8-m.main+fp/hard\libg_nano.a(lib_a-impure.o)
 *(.data)
                0x2000006c                . = ALIGN (0x4)
                0x2000006c                PROVIDE (__preinit_array_start = .)
 *(.preinit_array)
                0x2000006c                PROVIDE (__preinit_array_end = .)
                0x2000006c                . = ALIGN (0x4)
                0x2000006c                PROVIDE (__init_array_start = .)
 *(SORT_BY_NAME(.init_array.*))
 *(.init_array)
 .init_array    0x2000006c        0x4 c:/renesas/ra/e2studio_v2022-04_fsp_v3.8.0/toolchains/gcc_arm/gcc-arm-none-eabi-10.3-2021.10/bin/../lib/gcc/arm-none-eabi/10.3.1/thumb/v8-m.main+fp/hard/crtbegin.o
                0x20000070                PROVIDE (__init_array_end = .)
                0x20000070                . = ALIGN (0x4)
                [!provide]                PROVIDE (__fini_array_start = .)
 *(SORT_BY_NAME(.fini_array.*))
 *(.fini_array)
 .fini_array    0x20000070        0x4 c:/renesas/ra/e2studio_v2022-04_fsp_v3.8.0/toolchains/gcc_arm/gcc-arm-none-eabi-10.3-2021.10/bin/../lib/gcc/arm-none-eabi/10.3.1/thumb/v8-m.main+fp/hard/crtbegin.o
                [!provide]                PROVIDE (__fini_array_end = .)
 *(.jcr*)
                0x20000074                . = ALIGN (0x4)
                0x20000074                __data_end__ = .
                0x00003218                DATA_END = (LOADADDR (.data) + SIZEOF (.data))
                0x00003400                SGSTUBS_LOC = (DEFINED (PROJECT_SECURE) && DEFINED (FLASH_NSC_START))?ABSOLUTE (FLASH_NSC_START):ALIGN (DATA_END, 0x400)

.igot.plt       0x20000074        0x0 load address 0x00003218
 .igot.plt      0x20000074        0x0 c:/renesas/ra/e2studio_v2022-04_fsp_v3.8.0/toolchains/gcc_arm/gcc-arm-none-eabi-10.3-2021.10/bin/../lib/gcc/arm-none-eabi/10.3.1/thumb/v8-m.main+fp/hard/crtbegin.o

.gnu.sgstubs    0x00003400        0x0
                0x00003400                __tz_FLASH_C = DEFINED (FLASH_NSC_START)?ABSOLUTE (FLASH_NSC_START):__RESERVE_NS_RAM?ABSOLUTE ((FLASH_START + FLASH_LENGTH)):ALIGN (0x400)
                0x00003400                _start_sg = .
 *(.gnu.sgstubs*)
                0x00003400                . = ALIGN (0x20)
                0x00003400                _end_sg = .
                0x00008000                __tz_FLASH_N = DEFINED (FLASH_NS_START)?ABSOLUTE (FLASH_NS_START):__RESERVE_NS_RAM?ABSOLUTE ((FLASH_START + FLASH_LENGTH)):(FLASH_LENGTH < 0x8000)?FLASH_LENGTH:ALIGN (0x8000)
                0x00008000                FLASH_NS_IMAGE_START = DEFINED (FLASH_NS_IMAGE_START)?FLASH_NS_IMAGE_START:__tz_FLASH_N
                0x60000000                __tz_QSPI_FLASH_S = ORIGIN (QSPI_FLASH)

.qspi_flash     0x60000000        0x0
                0x60000000                __qspi_flash_start__ = .
 *(.qspi_flash*)
 *(.code_in_qspi*)
                0x60000000                __qspi_flash_end__ = .
                0x00000000                __qspi_flash_code_size__ = (__qspi_flash_end__ - __qspi_flash_start__)
                0x00003218                __qspi_flash_code_addr__ = (__etext + (__data_end__ - __data_start__))

.qspi_non_retentive
                0x60000000        0x0 load address 0x00003218
                0x60000000                __qspi_non_retentive_start__ = .
 *(.qspi_non_retentive*)
                0x60000000                __qspi_non_retentive_end__ = .
                0x00000000                __qspi_non_retentive_size__ = (__qspi_non_retentive_end__ - __qspi_non_retentive_start__)
                0x04000000                __qspi_region_max_size__ = 0x4000000
                0x60000000                __qspi_region_start_address__ = __qspi_flash_start__
                0x64000000                __qspi_region_end_address__ = (__qspi_flash_start__ + __qspi_region_max_size__)
                0x60000000                __tz_QSPI_FLASH_N = __qspi_non_retentive_end__

.OSPI_DEVICE_0_NO_LOAD
                0x68000000        0x0
                0x68000000                . = ALIGN (0x4)
                0x68000000                __ospi_device_0_start__ = .
 *(.ospi_device_0_no_load*)
                0x68000000                . = ALIGN (0x4)
                0x68000000                __ospi_device_0_end__ = .

.OSPI_DEVICE_1_NO_LOAD
                0x70000000        0x0
                0x70000000                . = ALIGN (0x4)
                0x70000000                __ospi_device_1_start__ = .
 *(.ospi_device_1_no_load*)
                0x70000000                . = ALIGN (0x4)
                0x70000000                __ospi_device_1_end__ = .
                0x68000000                __tz_OSPI_DEVICE_0_S = ORIGIN (OSPI_DEVICE_0)

.OSPI_DEVICE_0  0x68000000        0x0
                0x68000000                __ospi_device_0_start__ = .
 *(.ospi_device_0*)
 *(.code_in_ospi_device_0*)
                0x68000000                __ospi_device_0_end__ = .
                0x00000000                __ospi_device_0_code_size__ = (__ospi_device_0_end__ - __ospi_device_0_start__)
                0x00003218                __ospi_device_0_code_addr__ = (__etext + (__data_end__ - __data_start__))

.ospi_device_0_non_retentive
                0x68000000        0x0 load address 0x00003218
                0x68000000                __ospi_device_0_non_retentive_start__ = .
 *(.ospi_device_0_non_retentive*)
                0x68000000                __ospi_device_0_non_retentive_end__ = .
                0x00000000                __ospi_device_0_non_retentive_size__ = (__ospi_device_0_non_retentive_end__ - __ospi_device_0_non_retentive_start__)
                0x08000000                __ospi_device_0_region_max_size__ = 0x8000000
                0x68000000                __ospi_device_0_region_start_address__ = __ospi_device_0_start__
                0x70000000                __ospi_device_0_region_end_address__ = (__ospi_device_0_start__ + __ospi_device_0_region_max_size__)
                0x68000000                __tz_OSPI_DEVICE_0_N = __ospi_device_0_non_retentive_end__
                0x70000000                __tz_OSPI_DEVICE_1_S = ORIGIN (OSPI_DEVICE_1)

.OSPI_DEVICE_1  0x70000000        0x0
                0x70000000                __ospi_device_1_start__ = .
 *(.ospi_device_1*)
 *(.code_in_ospi_device_1*)
                0x70000000                __ospi_device_1_end__ = .
                0x00000000                __ospi_device_1_code_size__ = (__ospi_device_1_end__ - __ospi_device_1_start__)
                0x00003218                __ospi_device_1_code_addr__ = (__etext + (__data_end__ - __data_start__))

.ospi_device_1_non_retentive
                0x70000000        0x0 load address 0x00003218
                0x70000000                __ospi_device_1_non_retentive_start__ = .
 *(.ospi_device_1_non_retentive*)
                0x70000000                __ospi_device_1_non_retentive_end__ = .
                0x00000000                __ospi_device_1_non_retentive_size__ = (__ospi_device_1_non_retentive_end__ - __ospi_device_1_non_retentive_start__)
                0x10000000                __ospi_device_1_region_max_size__ = 0x10000000
                0x70000000                __ospi_device_1_region_start_address__ = __ospi_device_1_start__
                0x80000000                __ospi_device_1_region_end_address__ = (__ospi_device_1_start__ + __ospi_device_1_region_max_size__)
                0x70000000                __tz_OSPI_DEVICE_1_N = __ospi_device_1_non_retentive_end__

.noinit         0x20000074       0x1c
                0x20000074                . = ALIGN (0x4)
                0x20000074                __noinit_start = .
 *(.noinit*)
 .noinit        0x20000074       0x1c ./ra/fsp/src/bsp/mcu/all/bsp_clocks.o
                0x20000090                . = ALIGN (0x8)
 *(.heap.*)
                0x20000090                __noinit_end = .

.bss            0x20000090      0x420
                0x20000090                . = ALIGN (0x4)
                0x20000090                __bss_start__ = .
 *(.bss*)
 .bss           0x20000090       0x1c c:/renesas/ra/e2studio_v2022-04_fsp_v3.8.0/toolchains/gcc_arm/gcc-arm-none-eabi-10.3-2021.10/bin/../lib/gcc/arm-none-eabi/10.3.1/thumb/v8-m.main+fp/hard/crtbegin.o
 .bss.g_demo_read_buffer_45
                0x200000ac      0x100 ./src/hal_entry.o
                0x200000ac                g_demo_read_buffer_45
 .bss.g_demo_read_buffer_46
                0x200001ac      0x100 ./src/hal_entry.o
                0x200001ac                g_demo_read_buffer_46
 .bss.g_demo_read_length_45
                0x200002ac        0x2 ./src/hal_entry.o
                0x200002ac                g_demo_read_length_45
 .bss.g_demo_read_length_46
                0x200002ae        0x2 ./src/hal_entry.o
                0x200002ae                g_demo_read_length_46
 .bss.g_external_irq10_ctrl
                0x200002b0       0x10 ./ra_gen/common_data.o
                0x200002b0                g_external_irq10_ctrl
 .bss.g_ioport_ctrl
                0x200002c0        0x8 ./ra_gen/common_data.o
                0x200002c0                g_ioport_ctrl
 .bss.g_bsp_group_irq_sources
                0x200002c8       0x40 ./ra/fsp/src/bsp/mcu/all/bsp_group_irq.o
                0x200002c8                g_bsp_group_irq_sources
 .bss.g_protect_pfswe_counter
                0x20000308        0x4 ./ra/fsp/src/bsp/mcu/all/bsp_io.o
                0x20000308                g_protect_pfswe_counter
 .bss.gp_renesas_isr_context
                0x2000030c      0x180 ./ra/fsp/src/bsp/mcu/all/bsp_irq.o
                0x2000030c                gp_renesas_isr_context
 .bss.g_protect_counters
                0x2000048c        0x8 ./ra/fsp/src/bsp/mcu/all/bsp_register_protection.o
                0x2000048c                g_protect_counters
 .bss.current_heap_end.0
                0x20000494        0x4 ./ra/fsp/src/bsp/mcu/all/bsp_sbrk.o
 .bss.SystemCoreClock
                0x20000498        0x4 ./ra/fsp/src/bsp/cmsis/Device/RENESAS/Source/system.o
                0x20000498                SystemCoreClock
 .bss.ch378_status
                0x2000049c        0x1 ./CH378_USB/ch378_hard.o
                0x2000049c                ch378_status
 .bss.ch378_int_flag
                0x2000049d        0x1 ./CH378_USB/ch378_hard.o
                0x2000049d                ch378_int_flag
 .bss.g_selected_storage
                0x2000049e        0x1 ./CH378_USB/ch378_storage.o
 .bss.g_storage_mounted
                0x2000049f        0x1 ./CH378_USB/ch378_storage.o
 .bss.__malloc_free_list
                0x200004a0        0x4 c:/renesas/ra/e2studio_v2022-04_fsp_v3.8.0/toolchains/gcc_arm/gcc-arm-none-eabi-10.3-2021.10/bin/../lib/gcc/arm-none-eabi/10.3.1/../../../../arm-none-eabi/lib/thumb/v8-m.main+fp/hard\libg_nano.a(lib_a-nano-mallocr.o)
                0x200004a0                __malloc_free_list
 .bss.__malloc_sbrk_start
                0x200004a4        0x4 c:/renesas/ra/e2studio_v2022-04_fsp_v3.8.0/toolchains/gcc_arm/gcc-arm-none-eabi-10.3-2021.10/bin/../lib/gcc/arm-none-eabi/10.3.1/../../../../arm-none-eabi/lib/thumb/v8-m.main+fp/hard\libg_nano.a(lib_a-nano-mallocr.o)
                0x200004a4                __malloc_sbrk_start
 .bss.errno     0x200004a8        0x4 c:/renesas/ra/e2studio_v2022-04_fsp_v3.8.0/toolchains/gcc_arm/gcc-arm-none-eabi-10.3-2021.10/bin/../lib/gcc/arm-none-eabi/10.3.1/../../../../arm-none-eabi/lib/thumb/v8-m.main+fp/hard\libg_nano.a(lib_a-reent.o)
                0x200004a8                errno
 .bss.__lock___malloc_recursive_mutex
                0x200004ac        0x1 c:/renesas/ra/e2studio_v2022-04_fsp_v3.8.0/toolchains/gcc_arm/gcc-arm-none-eabi-10.3-2021.10/bin/../lib/gcc/arm-none-eabi/10.3.1/../../../../arm-none-eabi/lib/thumb/v8-m.main+fp/hard\libg_nano.a(lib_a-lock.o)
                0x200004ac                __lock___malloc_recursive_mutex
 *(COMMON)
                0x200004b0                . = ALIGN (0x4)
 *fill*         0x200004ad        0x3 
                0x200004b0                __bss_end__ = .

.heap           0x200004b0        0x0
                0x200004b0                . = ALIGN (0x8)
                0x200004b0                __HeapBase = .
 *(.heap)
                0x200004b0                __HeapLimit = .

.stack_dummy    0x200004b0      0x400
                0x200004b0                . = ALIGN (0x8)
                0x200004b0                __StackLimit = .
 *(.stack)
 .stack         0x200004b0      0x400 ./ra/fsp/src/bsp/cmsis/Device/RENESAS/Source/startup.o
                0x200008b0                __StackTop = .
 *(.stack*)
                0x200008b0                __StackTopAll = .
                0x200008b0                PROVIDE (__stack = __StackTopAll)
                0x200008b0                __RAM_segment_used_end__ = ALIGN (__StackTopAll, 0x4)
                0x20000c00                __tz_RAM_C = DEFINED (RAM_NSC_START)?ABSOLUTE (RAM_NSC_START):__RESERVE_NS_RAM?ABSOLUTE (RAM_NS_BUFFER_BLOCK_START):ALIGN (__RAM_segment_used_end__, 0x400)
                0x20002000                __tz_RAM_N = DEFINED (RAM_NS_START)?ABSOLUTE (RAM_NS_START):__RESERVE_NS_RAM?ABSOLUTE (RAM_NS_BUFFER_BLOCK_START):ALIGN (__tz_RAM_C, 0x2000)

.ns_buffer      0x200008b0        0x0
                0x200008b0                . = __RESERVE_NS_RAM?ABSOLUTE ((RAM_NS_BUFFER_START & 0xffffffe0)):.
 *(.ns_buffer*)

.data_flash     0x08000000        0x0
                0x08000000                . = ORIGIN (DATA_FLASH)
                0x08000000                __tz_DATA_FLASH_S = .
                0x08000000                __Data_Flash_Start = .
 *(.data_flash*)
                0x08000000                __Data_Flash_End = .
                0x08000000                __tz_DATA_FLASH_N = DEFINED (DATA_FLASH_NS_START)?ABSOLUTE (DATA_FLASH_NS_START):__RESERVE_NS_RAM?ABSOLUTE ((DATA_FLASH_START + DATA_FLASH_LENGTH)):ALIGN (0x400)
                0x90000000                __tz_SDRAM_S = ORIGIN (SDRAM)

.sdram          0x90000000        0x0
                0x90000000                __SDRAM_Start = .
 *(.sdram*)
 *(.frame*)
                0x90000000                __SDRAM_End = .
                0x90000000                __tz_SDRAM_N = __SDRAM_End
                0x00000000                __tz_ID_CODE_S = ORIGIN (ID_CODE)

.id_code        0x00000000        0x0
                0x00000000                __ID_Code_Start = .
 *(.id_code*)
                0x00000000                __ID_Code_End = .
                0x00000000                __tz_ID_CODE_N = __ID_Code_End
                0x0100a100                __tz_OPTION_SETTING_S = ORIGIN (OPTION_SETTING)

.option_setting
                0x0100a100       0x38
                0x0100a100                __OPTION_SETTING_Start = .
 *(.option_setting_ofs0)
 .option_setting_ofs0
                0x0100a100        0x4 ./ra/fsp/src/bsp/mcu/all/bsp_rom_registers.o
                0x0100a110                . = PROJECT_SECURE_OR_FLAT?(__OPTION_SETTING_Start + 0x10):__OPTION_SETTING_Start
 *fill*         0x0100a104        0xc ff
 *(.option_setting_dualsel)
 .option_setting_dualsel
                0x0100a110        0x4 ./ra/fsp/src/bsp/mcu/all/bsp_rom_registers.o
                0x0100a134                . = PROJECT_SECURE_OR_FLAT?(__OPTION_SETTING_Start + 0x34):__OPTION_SETTING_Start
 *fill*         0x0100a114       0x20 ff
 *(.option_setting_sas)
 .option_setting_sas
                0x0100a134        0x4 ./ra/fsp/src/bsp/mcu/all/bsp_rom_registers.o
                0x0100a138                __OPTION_SETTING_End = .
                0x0100a180                __tz_OPTION_SETTING_N = OPTION_SETTING_START_NS

.option_setting_ns
                0x0100a138        0x0
                0x0100a138                __OPTION_SETTING_NS_Start = .
 *(.option_setting_ofs1)
                0x0100a138                . = USE_OPTION_SETTING_NS?(__OPTION_SETTING_NS_Start + 0x10):__OPTION_SETTING_NS_Start
 *(.option_setting_banksel)
                0x0100a138                . = USE_OPTION_SETTING_NS?(__OPTION_SETTING_NS_Start + 0x40):__OPTION_SETTING_NS_Start
 *(.option_setting_bps0)
                0x0100a138                . = USE_OPTION_SETTING_NS?(__OPTION_SETTING_NS_Start + 0x44):__OPTION_SETTING_NS_Start
 *(.option_setting_bps1)
                0x0100a138                . = USE_OPTION_SETTING_NS?(__OPTION_SETTING_NS_Start + 0x48):__OPTION_SETTING_NS_Start
 *(.option_setting_bps2)
                0x0100a138                . = USE_OPTION_SETTING_NS?(__OPTION_SETTING_NS_Start + 0x60):__OPTION_SETTING_NS_Start
 *(.option_setting_pbps0)
                0x0100a138                . = USE_OPTION_SETTING_NS?(__OPTION_SETTING_NS_Start + 0x64):__OPTION_SETTING_NS_Start
 *(.option_setting_pbps1)
                0x0100a138                . = USE_OPTION_SETTING_NS?(__OPTION_SETTING_NS_Start + 0x68):__OPTION_SETTING_NS_Start
 *(.option_setting_pbps2)
                0x0100a138                __OPTION_SETTING_NS_End = .
                0x0100a200                __tz_OPTION_SETTING_S_S = ORIGIN (OPTION_SETTING_S)

.option_setting_s
                0x0100a200       0xcc
                0x0100a200                __OPTION_SETTING_S_Start = .
 *(.option_setting_ofs1_sec)
 .option_setting_ofs1_sec
                0x0100a200        0x4 ./ra/fsp/src/bsp/mcu/all/bsp_rom_registers.o
                0x0100a210                . = PROJECT_SECURE_OR_FLAT?(__OPTION_SETTING_S_Start + 0x10):__OPTION_SETTING_S_Start
 *fill*         0x0100a204        0xc ff
 *(.option_setting_banksel_sec)
 .option_setting_banksel_sec
                0x0100a210        0x4 ./ra/fsp/src/bsp/mcu/all/bsp_rom_registers.o
                0x0100a240                . = PROJECT_SECURE_OR_FLAT?(__OPTION_SETTING_S_Start + 0x40):__OPTION_SETTING_S_Start
 *fill*         0x0100a214       0x2c ff
 *(.option_setting_bps_sec0)
 .option_setting_bps_sec0
                0x0100a240        0x4 ./ra/fsp/src/bsp/mcu/all/bsp_rom_registers.o
                0x0100a244                . = PROJECT_SECURE_OR_FLAT?(__OPTION_SETTING_S_Start + 0x44):__OPTION_SETTING_S_Start
 *(.option_setting_bps_sec1)
 .option_setting_bps_sec1
                0x0100a244        0x4 ./ra/fsp/src/bsp/mcu/all/bsp_rom_registers.o
                0x0100a248                . = PROJECT_SECURE_OR_FLAT?(__OPTION_SETTING_S_Start + 0x48):__OPTION_SETTING_S_Start
 *(.option_setting_bps_sec2)
 .option_setting_bps_sec2
                0x0100a248        0x4 ./ra/fsp/src/bsp/mcu/all/bsp_rom_registers.o
                0x0100a260                . = PROJECT_SECURE_OR_FLAT?(__OPTION_SETTING_S_Start + 0x60):__OPTION_SETTING_S_Start
 *fill*         0x0100a24c       0x14 ff
 *(.option_setting_pbps_sec0)
 .option_setting_pbps_sec0
                0x0100a260        0x4 ./ra/fsp/src/bsp/mcu/all/bsp_rom_registers.o
                0x0100a264                . = PROJECT_SECURE_OR_FLAT?(__OPTION_SETTING_S_Start + 0x64):__OPTION_SETTING_S_Start
 *(.option_setting_pbps_sec1)
 .option_setting_pbps_sec1
                0x0100a264        0x4 ./ra/fsp/src/bsp/mcu/all/bsp_rom_registers.o
                0x0100a268                . = PROJECT_SECURE_OR_FLAT?(__OPTION_SETTING_S_Start + 0x68):__OPTION_SETTING_S_Start
 *(.option_setting_pbps_sec2)
 .option_setting_pbps_sec2
                0x0100a268        0x4 ./ra/fsp/src/bsp/mcu/all/bsp_rom_registers.o
                0x0100a280                . = PROJECT_SECURE_OR_FLAT?(__OPTION_SETTING_S_Start + 0x80):__OPTION_SETTING_S_Start
 *fill*         0x0100a26c       0x14 ff
 *(.option_setting_ofs1_sel)
 .option_setting_ofs1_sel
                0x0100a280        0x4 ./ra/fsp/src/bsp/mcu/all/bsp_rom_registers.o
                0x0100a290                . = PROJECT_SECURE_OR_FLAT?(__OPTION_SETTING_S_Start + 0x90):__OPTION_SETTING_S_Start
 *fill*         0x0100a284        0xc ff
 *(.option_setting_banksel_sel)
 .option_setting_banksel_sel
                0x0100a290        0x4 ./ra/fsp/src/bsp/mcu/all/bsp_rom_registers.o
                0x0100a2c0                . = PROJECT_SECURE_OR_FLAT?(__OPTION_SETTING_S_Start + 0xc0):__OPTION_SETTING_S_Start
 *fill*         0x0100a294       0x2c ff
 *(.option_setting_bps_sel0)
 .option_setting_bps_sel0
                0x0100a2c0        0x4 ./ra/fsp/src/bsp/mcu/all/bsp_rom_registers.o
                0x0100a2c4                . = PROJECT_SECURE_OR_FLAT?(__OPTION_SETTING_S_Start + 0xc4):__OPTION_SETTING_S_Start
 *(.option_setting_bps_sel1)
 .option_setting_bps_sel1
                0x0100a2c4        0x4 ./ra/fsp/src/bsp/mcu/all/bsp_rom_registers.o
                0x0100a2c8                . = PROJECT_SECURE_OR_FLAT?(__OPTION_SETTING_S_Start + 0xc8):__OPTION_SETTING_S_Start
 *(.option_setting_bps_sel2)
 .option_setting_bps_sel2
                0x0100a2c8        0x4 ./ra/fsp/src/bsp/mcu/all/bsp_rom_registers.o
                0x0100a2cc                __OPTION_SETTING_S_End = .
                0x0100a2cc                __tz_OPTION_SETTING_S_N = __OPTION_SETTING_S_End
OUTPUT(usb.elf elf32-littlearm)
LOAD linker stubs

.rel.dyn        0x0100a2cc        0x0
 .rel.iplt      0x0100a2cc        0x0 c:/renesas/ra/e2studio_v2022-04_fsp_v3.8.0/toolchains/gcc_arm/gcc-arm-none-eabi-10.3-2021.10/bin/../lib/gcc/arm-none-eabi/10.3.1/thumb/v8-m.main+fp/hard/crtbegin.o

.ARM.attributes
                0x00000000       0x36
 .ARM.attributes
                0x00000000       0x22 c:/renesas/ra/e2studio_v2022-04_fsp_v3.8.0/toolchains/gcc_arm/gcc-arm-none-eabi-10.3-2021.10/bin/../lib/gcc/arm-none-eabi/10.3.1/thumb/v8-m.main+fp/hard/crti.o
 .ARM.attributes
                0x00000022       0x38 c:/renesas/ra/e2studio_v2022-04_fsp_v3.8.0/toolchains/gcc_arm/gcc-arm-none-eabi-10.3-2021.10/bin/../lib/gcc/arm-none-eabi/10.3.1/thumb/v8-m.main+fp/hard/crtbegin.o
 .ARM.attributes
                0x0000005a       0x3a ./src/hal_entry.o
 .ARM.attributes
                0x00000094       0x3a ./ra_gen/common_data.o
 .ARM.attributes
                0x000000ce       0x3a ./ra_gen/main.o
 .ARM.attributes
                0x00000108       0x3a ./ra_gen/pin_data.o
 .ARM.attributes
                0x00000142       0x3a ./ra_gen/vector_data.o
 .ARM.attributes
                0x0000017c       0x3a ./ra/fsp/src/r_ioport/r_ioport.o
 .ARM.attributes
                0x000001b6       0x3a ./ra/fsp/src/r_icu/r_icu.o
 .ARM.attributes
                0x000001f0       0x3a ./ra/fsp/src/bsp/mcu/all/bsp_clocks.o
 .ARM.attributes
                0x0000022a       0x3a ./ra/fsp/src/bsp/mcu/all/bsp_common.o
 .ARM.attributes
                0x00000264       0x3a ./ra/fsp/src/bsp/mcu/all/bsp_delay.o
 .ARM.attributes
                0x0000029e       0x3a ./ra/fsp/src/bsp/mcu/all/bsp_group_irq.o
 .ARM.attributes
                0x000002d8       0x3a ./ra/fsp/src/bsp/mcu/all/bsp_io.o
 .ARM.attributes
                0x00000312       0x3a ./ra/fsp/src/bsp/mcu/all/bsp_irq.o
 .ARM.attributes
                0x0000034c       0x3a ./ra/fsp/src/bsp/mcu/all/bsp_register_protection.o
 .ARM.attributes
                0x00000386       0x3a ./ra/fsp/src/bsp/mcu/all/bsp_rom_registers.o
 .ARM.attributes
                0x000003c0       0x3a ./ra/fsp/src/bsp/mcu/all/bsp_sbrk.o
 .ARM.attributes
                0x000003fa       0x3a ./ra/fsp/src/bsp/cmsis/Device/RENESAS/Source/startup.o
 .ARM.attributes
                0x00000434       0x3a ./ra/fsp/src/bsp/cmsis/Device/RENESAS/Source/system.o
 .ARM.attributes
                0x0000046e       0x3a ./CH378_USB/ch378_file_device.o
 .ARM.attributes
                0x000004a8       0x3a ./CH378_USB/ch378_hard.o
 .ARM.attributes
                0x000004e2       0x3a ./CH378_USB/ch378_storage.o
 .ARM.attributes
                0x0000051c       0x38 c:/renesas/ra/e2studio_v2022-04_fsp_v3.8.0/toolchains/gcc_arm/gcc-arm-none-eabi-10.3-2021.10/bin/../lib/gcc/arm-none-eabi/10.3.1/../../../../arm-none-eabi/lib/thumb/v8-m.main+fp/hard\libg_nano.a(lib_a-errno.o)
 .ARM.attributes
                0x00000554       0x38 c:/renesas/ra/e2studio_v2022-04_fsp_v3.8.0/toolchains/gcc_arm/gcc-arm-none-eabi-10.3-2021.10/bin/../lib/gcc/arm-none-eabi/10.3.1/../../../../arm-none-eabi/lib/thumb/v8-m.main+fp/hard\libg_nano.a(lib_a-impure.o)
 .ARM.attributes
                0x0000058c       0x38 c:/renesas/ra/e2studio_v2022-04_fsp_v3.8.0/toolchains/gcc_arm/gcc-arm-none-eabi-10.3-2021.10/bin/../lib/gcc/arm-none-eabi/10.3.1/../../../../arm-none-eabi/lib/thumb/v8-m.main+fp/hard\libg_nano.a(lib_a-memcpy-stub.o)
 .ARM.attributes
                0x000005c4       0x38 c:/renesas/ra/e2studio_v2022-04_fsp_v3.8.0/toolchains/gcc_arm/gcc-arm-none-eabi-10.3-2021.10/bin/../lib/gcc/arm-none-eabi/10.3.1/../../../../arm-none-eabi/lib/thumb/v8-m.main+fp/hard\libg_nano.a(lib_a-memset.o)
 .ARM.attributes
                0x000005fc       0x38 c:/renesas/ra/e2studio_v2022-04_fsp_v3.8.0/toolchains/gcc_arm/gcc-arm-none-eabi-10.3-2021.10/bin/../lib/gcc/arm-none-eabi/10.3.1/../../../../arm-none-eabi/lib/thumb/v8-m.main+fp/hard\libg_nano.a(lib_a-snprintf.o)
 .ARM.attributes
                0x00000634       0x17 c:/renesas/ra/e2studio_v2022-04_fsp_v3.8.0/toolchains/gcc_arm/gcc-arm-none-eabi-10.3-2021.10/bin/../lib/gcc/arm-none-eabi/10.3.1/../../../../arm-none-eabi/lib/thumb/v8-m.main+fp/hard\libg_nano.a(lib_a-strlen.o)
 .ARM.attributes
                0x0000064b       0x38 c:/renesas/ra/e2studio_v2022-04_fsp_v3.8.0/toolchains/gcc_arm/gcc-arm-none-eabi-10.3-2021.10/bin/../lib/gcc/arm-none-eabi/10.3.1/../../../../arm-none-eabi/lib/thumb/v8-m.main+fp/hard\libg_nano.a(lib_a-nano-svfprintf.o)
 .ARM.attributes
                0x00000683       0x38 c:/renesas/ra/e2studio_v2022-04_fsp_v3.8.0/toolchains/gcc_arm/gcc-arm-none-eabi-10.3-2021.10/bin/../lib/gcc/arm-none-eabi/10.3.1/../../../../arm-none-eabi/lib/thumb/v8-m.main+fp/hard\libg_nano.a(lib_a-nano-vfprintf_i.o)
 .ARM.attributes
                0x000006bb       0x38 c:/renesas/ra/e2studio_v2022-04_fsp_v3.8.0/toolchains/gcc_arm/gcc-arm-none-eabi-10.3-2021.10/bin/../lib/gcc/arm-none-eabi/10.3.1/../../../../arm-none-eabi/lib/thumb/v8-m.main+fp/hard\libg_nano.a(lib_a-memchr-stub.o)
 .ARM.attributes
                0x000006f3       0x38 c:/renesas/ra/e2studio_v2022-04_fsp_v3.8.0/toolchains/gcc_arm/gcc-arm-none-eabi-10.3-2021.10/bin/../lib/gcc/arm-none-eabi/10.3.1/../../../../arm-none-eabi/lib/thumb/v8-m.main+fp/hard\libg_nano.a(lib_a-memmove.o)
 .ARM.attributes
                0x0000072b       0x38 c:/renesas/ra/e2studio_v2022-04_fsp_v3.8.0/toolchains/gcc_arm/gcc-arm-none-eabi-10.3-2021.10/bin/../lib/gcc/arm-none-eabi/10.3.1/../../../../arm-none-eabi/lib/thumb/v8-m.main+fp/hard\libg_nano.a(lib_a-nano-freer.o)
 .ARM.attributes
                0x00000763       0x38 c:/renesas/ra/e2studio_v2022-04_fsp_v3.8.0/toolchains/gcc_arm/gcc-arm-none-eabi-10.3-2021.10/bin/../lib/gcc/arm-none-eabi/10.3.1/../../../../arm-none-eabi/lib/thumb/v8-m.main+fp/hard\libg_nano.a(lib_a-nano-mallocr.o)
 .ARM.attributes
                0x0000079b       0x38 c:/renesas/ra/e2studio_v2022-04_fsp_v3.8.0/toolchains/gcc_arm/gcc-arm-none-eabi-10.3-2021.10/bin/../lib/gcc/arm-none-eabi/10.3.1/../../../../arm-none-eabi/lib/thumb/v8-m.main+fp/hard\libg_nano.a(lib_a-nano-reallocr.o)
 .ARM.attributes
                0x000007d3       0x38 c:/renesas/ra/e2studio_v2022-04_fsp_v3.8.0/toolchains/gcc_arm/gcc-arm-none-eabi-10.3-2021.10/bin/../lib/gcc/arm-none-eabi/10.3.1/../../../../arm-none-eabi/lib/thumb/v8-m.main+fp/hard\libg_nano.a(lib_a-sbrkr.o)
 .ARM.attributes
                0x0000080b       0x38 c:/renesas/ra/e2studio_v2022-04_fsp_v3.8.0/toolchains/gcc_arm/gcc-arm-none-eabi-10.3-2021.10/bin/../lib/gcc/arm-none-eabi/10.3.1/../../../../arm-none-eabi/lib/thumb/v8-m.main+fp/hard\libg_nano.a(lib_a-mlock.o)
 .ARM.attributes
                0x00000843       0x38 c:/renesas/ra/e2studio_v2022-04_fsp_v3.8.0/toolchains/gcc_arm/gcc-arm-none-eabi-10.3-2021.10/bin/../lib/gcc/arm-none-eabi/10.3.1/../../../../arm-none-eabi/lib/thumb/v8-m.main+fp/hard\libg_nano.a(lib_a-nano-msizer.o)
 .ARM.attributes
                0x0000087b       0x38 c:/renesas/ra/e2studio_v2022-04_fsp_v3.8.0/toolchains/gcc_arm/gcc-arm-none-eabi-10.3-2021.10/bin/../lib/gcc/arm-none-eabi/10.3.1/../../../../arm-none-eabi/lib/thumb/v8-m.main+fp/hard\libg_nano.a(lib_a-reent.o)
 .ARM.attributes
                0x000008b3       0x38 c:/renesas/ra/e2studio_v2022-04_fsp_v3.8.0/toolchains/gcc_arm/gcc-arm-none-eabi-10.3-2021.10/bin/../lib/gcc/arm-none-eabi/10.3.1/../../../../arm-none-eabi/lib/thumb/v8-m.main+fp/hard\libg_nano.a(lib_a-lock.o)
 .ARM.attributes
                0x000008eb       0x38 c:/renesas/ra/e2studio_v2022-04_fsp_v3.8.0/toolchains/gcc_arm/gcc-arm-none-eabi-10.3-2021.10/bin/../lib/gcc/arm-none-eabi/10.3.1/../../../../arm-none-eabi/lib/thumb/v8-m.main+fp/hard\libc_nano.a(lib_a-findfp.o)
 .ARM.attributes
                0x00000923       0x38 c:/renesas/ra/e2studio_v2022-04_fsp_v3.8.0/toolchains/gcc_arm/gcc-arm-none-eabi-10.3-2021.10/bin/../lib/gcc/arm-none-eabi/10.3.1/thumb/v8-m.main+fp/hard/crtend.o
 .ARM.attributes
                0x0000095b       0x22 c:/renesas/ra/e2studio_v2022-04_fsp_v3.8.0/toolchains/gcc_arm/gcc-arm-none-eabi-10.3-2021.10/bin/../lib/gcc/arm-none-eabi/10.3.1/thumb/v8-m.main+fp/hard/crtn.o

.comment        0x00000000       0x49
 .comment       0x00000000       0x49 ./src/hal_entry.o
                                 0x4a (size before relaxing)
 .comment       0x00000049       0x4a ./ra_gen/common_data.o
 .comment       0x00000049       0x4a ./ra_gen/main.o
 .comment       0x00000049       0x4a ./ra_gen/pin_data.o
 .comment       0x00000049       0x4a ./ra_gen/vector_data.o
 .comment       0x00000049       0x4a ./ra/fsp/src/r_ioport/r_ioport.o
 .comment       0x00000049       0x4a ./ra/fsp/src/r_icu/r_icu.o
 .comment       0x00000049       0x4a ./ra/fsp/src/bsp/mcu/all/bsp_clocks.o
 .comment       0x00000049       0x4a ./ra/fsp/src/bsp/mcu/all/bsp_common.o
 .comment       0x00000049       0x4a ./ra/fsp/src/bsp/mcu/all/bsp_delay.o
 .comment       0x00000049       0x4a ./ra/fsp/src/bsp/mcu/all/bsp_group_irq.o
 .comment       0x00000049       0x4a ./ra/fsp/src/bsp/mcu/all/bsp_io.o
 .comment       0x00000049       0x4a ./ra/fsp/src/bsp/mcu/all/bsp_irq.o
 .comment       0x00000049       0x4a ./ra/fsp/src/bsp/mcu/all/bsp_register_protection.o
 .comment       0x00000049       0x4a ./ra/fsp/src/bsp/mcu/all/bsp_rom_registers.o
 .comment       0x00000049       0x4a ./ra/fsp/src/bsp/mcu/all/bsp_sbrk.o
 .comment       0x00000049       0x4a ./ra/fsp/src/bsp/cmsis/Device/RENESAS/Source/startup.o
 .comment       0x00000049       0x4a ./ra/fsp/src/bsp/cmsis/Device/RENESAS/Source/system.o
 .comment       0x00000049       0x4a ./CH378_USB/ch378_file_device.o
 .comment       0x00000049       0x4a ./CH378_USB/ch378_hard.o
 .comment       0x00000049       0x4a ./CH378_USB/ch378_storage.o

.debug_info     0x00000000    0x19d21
 .debug_info    0x00000000     0x134a ./src/hal_entry.o
 .debug_info    0x0000134a     0x15ed ./ra_gen/common_data.o
 .debug_info    0x00002937       0x97 ./ra_gen/main.o
 .debug_info    0x000029ce      0x9e1 ./ra_gen/pin_data.o
 .debug_info    0x000033af      0x7e1 ./ra_gen/vector_data.o
 .debug_info    0x00003b90     0x65d4 ./ra/fsp/src/r_ioport/r_ioport.o
 .debug_info    0x0000a164     0x1b71 ./ra/fsp/src/r_icu/r_icu.o
 .debug_info    0x0000bcd5     0x4575 ./ra/fsp/src/bsp/mcu/all/bsp_clocks.o
 .debug_info    0x0001024a      0x906 ./ra/fsp/src/bsp/mcu/all/bsp_common.o
 .debug_info    0x00010b50      0x199 ./ra/fsp/src/bsp/mcu/all/bsp_delay.o
 .debug_info    0x00010ce9     0x135c ./ra/fsp/src/bsp/mcu/all/bsp_group_irq.o
 .debug_info    0x00012045       0xaa ./ra/fsp/src/bsp/mcu/all/bsp_io.o
 .debug_info    0x000120ef     0x1c55 ./ra/fsp/src/bsp/mcu/all/bsp_irq.o
 .debug_info    0x00013d44     0x3a80 ./ra/fsp/src/bsp/mcu/all/bsp_register_protection.o
 .debug_info    0x000177c4      0x1af ./ra/fsp/src/bsp/mcu/all/bsp_rom_registers.o
 .debug_info    0x00017973      0x11a ./ra/fsp/src/bsp/mcu/all/bsp_sbrk.o
 .debug_info    0x00017a8d      0x119 ./ra/fsp/src/bsp/cmsis/Device/RENESAS/Source/startup.o
 .debug_info    0x00017ba6      0x7ce ./ra/fsp/src/bsp/cmsis/Device/RENESAS/Source/system.o
 .debug_info    0x00018374      0x700 ./CH378_USB/ch378_file_device.o
 .debug_info    0x00018a74      0xd1d ./CH378_USB/ch378_hard.o
 .debug_info    0x00019791      0x590 ./CH378_USB/ch378_storage.o

.debug_abbrev   0x00000000     0x2052
 .debug_abbrev  0x00000000      0x193 ./src/hal_entry.o
 .debug_abbrev  0x00000193      0x162 ./ra_gen/common_data.o
 .debug_abbrev  0x000002f5       0x46 ./ra_gen/main.o
 .debug_abbrev  0x0000033b       0xdc ./ra_gen/pin_data.o
 .debug_abbrev  0x00000417       0xa7 ./ra_gen/vector_data.o
 .debug_abbrev  0x000004be      0x3a8 ./ra/fsp/src/r_ioport/r_ioport.o
 .debug_abbrev  0x00000866      0x3ba ./ra/fsp/src/r_icu/r_icu.o
 .debug_abbrev  0x00000c20      0x29e ./ra/fsp/src/bsp/mcu/all/bsp_clocks.o
 .debug_abbrev  0x00000ebe      0x174 ./ra/fsp/src/bsp/mcu/all/bsp_common.o
 .debug_abbrev  0x00001032       0xd2 ./ra/fsp/src/bsp/mcu/all/bsp_delay.o
 .debug_abbrev  0x00001104      0x210 ./ra/fsp/src/bsp/mcu/all/bsp_group_irq.o
 .debug_abbrev  0x00001314       0x5e ./ra/fsp/src/bsp/mcu/all/bsp_io.o
 .debug_abbrev  0x00001372      0x1ed ./ra/fsp/src/bsp/mcu/all/bsp_irq.o
 .debug_abbrev  0x0000155f      0x20e ./ra/fsp/src/bsp/mcu/all/bsp_register_protection.o
 .debug_abbrev  0x0000176d       0x4d ./ra/fsp/src/bsp/mcu/all/bsp_rom_registers.o
 .debug_abbrev  0x000017ba       0x95 ./ra/fsp/src/bsp/mcu/all/bsp_sbrk.o
 .debug_abbrev  0x0000184f       0xc6 ./ra/fsp/src/bsp/cmsis/Device/RENESAS/Source/startup.o
 .debug_abbrev  0x00001915      0x203 ./ra/fsp/src/bsp/cmsis/Device/RENESAS/Source/system.o
 .debug_abbrev  0x00001b18      0x1ed ./CH378_USB/ch378_file_device.o
 .debug_abbrev  0x00001d05      0x1ea ./CH378_USB/ch378_hard.o
 .debug_abbrev  0x00001eef      0x163 ./CH378_USB/ch378_storage.o

.debug_aranges  0x00000000      0x5b8
 .debug_aranges
                0x00000000       0x28 ./src/hal_entry.o
 .debug_aranges
                0x00000028       0x20 ./ra_gen/common_data.o
 .debug_aranges
                0x00000048       0x20 ./ra_gen/main.o
 .debug_aranges
                0x00000068       0x18 ./ra_gen/pin_data.o
 .debug_aranges
                0x00000080       0x18 ./ra_gen/vector_data.o
 .debug_aranges
                0x00000098       0xc0 ./ra/fsp/src/r_ioport/r_ioport.o
 .debug_aranges
                0x00000158       0x90 ./ra/fsp/src/r_icu/r_icu.o
 .debug_aranges
                0x000001e8       0x88 ./ra/fsp/src/bsp/mcu/all/bsp_clocks.o
 .debug_aranges
                0x00000270       0x30 ./ra/fsp/src/bsp/mcu/all/bsp_common.o
 .debug_aranges
                0x000002a0       0x28 ./ra/fsp/src/bsp/mcu/all/bsp_delay.o
 .debug_aranges
                0x000002c8       0x30 ./ra/fsp/src/bsp/mcu/all/bsp_group_irq.o
 .debug_aranges
                0x000002f8       0x18 ./ra/fsp/src/bsp/mcu/all/bsp_io.o
 .debug_aranges
                0x00000310       0x20 ./ra/fsp/src/bsp/mcu/all/bsp_irq.o
 .debug_aranges
                0x00000330       0x28 ./ra/fsp/src/bsp/mcu/all/bsp_register_protection.o
 .debug_aranges
                0x00000358       0x18 ./ra/fsp/src/bsp/mcu/all/bsp_rom_registers.o
 .debug_aranges
                0x00000370       0x20 ./ra/fsp/src/bsp/mcu/all/bsp_sbrk.o
 .debug_aranges
                0x00000390       0x28 ./ra/fsp/src/bsp/cmsis/Device/RENESAS/Source/startup.o
 .debug_aranges
                0x000003b8       0x28 ./ra/fsp/src/bsp/cmsis/Device/RENESAS/Source/system.o
 .debug_aranges
                0x000003e0       0xf8 ./CH378_USB/ch378_file_device.o
 .debug_aranges
                0x000004d8       0x90 ./CH378_USB/ch378_hard.o
 .debug_aranges
                0x00000568       0x50 ./CH378_USB/ch378_storage.o

.debug_ranges   0x00000000      0x448
 .debug_ranges  0x00000000       0x18 ./src/hal_entry.o
 .debug_ranges  0x00000018       0x10 ./ra_gen/common_data.o
 .debug_ranges  0x00000028       0x10 ./ra_gen/main.o
 .debug_ranges  0x00000038       0xb0 ./ra/fsp/src/r_ioport/r_ioport.o
 .debug_ranges  0x000000e8       0x80 ./ra/fsp/src/r_icu/r_icu.o
 .debug_ranges  0x00000168       0x78 ./ra/fsp/src/bsp/mcu/all/bsp_clocks.o
 .debug_ranges  0x000001e0       0x20 ./ra/fsp/src/bsp/mcu/all/bsp_common.o
 .debug_ranges  0x00000200       0x18 ./ra/fsp/src/bsp/mcu/all/bsp_delay.o
 .debug_ranges  0x00000218       0x20 ./ra/fsp/src/bsp/mcu/all/bsp_group_irq.o
 .debug_ranges  0x00000238       0x10 ./ra/fsp/src/bsp/mcu/all/bsp_irq.o
 .debug_ranges  0x00000248       0x18 ./ra/fsp/src/bsp/mcu/all/bsp_register_protection.o
 .debug_ranges  0x00000260       0x10 ./ra/fsp/src/bsp/mcu/all/bsp_sbrk.o
 .debug_ranges  0x00000270       0x18 ./ra/fsp/src/bsp/cmsis/Device/RENESAS/Source/startup.o
 .debug_ranges  0x00000288       0x18 ./ra/fsp/src/bsp/cmsis/Device/RENESAS/Source/system.o
 .debug_ranges  0x000002a0       0xe8 ./CH378_USB/ch378_file_device.o
 .debug_ranges  0x00000388       0x80 ./CH378_USB/ch378_hard.o
 .debug_ranges  0x00000408       0x40 ./CH378_USB/ch378_storage.o

.debug_line     0x00000000     0x4690
 .debug_line    0x00000000      0x32f ./src/hal_entry.o
 .debug_line    0x0000032f      0x311 ./ra_gen/common_data.o
 .debug_line    0x00000640       0x49 ./ra_gen/main.o
 .debug_line    0x00000689      0x1d8 ./ra_gen/pin_data.o
 .debug_line    0x00000861       0xd9 ./ra_gen/vector_data.o
 .debug_line    0x0000093a      0x846 ./ra/fsp/src/r_ioport/r_ioport.o
 .debug_line    0x00001180      0x643 ./ra/fsp/src/r_icu/r_icu.o
 .debug_line    0x000017c3      0x5ae ./ra/fsp/src/bsp/mcu/all/bsp_clocks.o
 .debug_line    0x00001d71      0x279 ./ra/fsp/src/bsp/mcu/all/bsp_common.o
 .debug_line    0x00001fea      0x269 ./ra/fsp/src/bsp/mcu/all/bsp_delay.o
 .debug_line    0x00002253      0x2cf ./ra/fsp/src/bsp/mcu/all/bsp_group_irq.o
 .debug_line    0x00002522      0x19f ./ra/fsp/src/bsp/mcu/all/bsp_io.o
 .debug_line    0x000026c1      0x393 ./ra/fsp/src/bsp/mcu/all/bsp_irq.o
 .debug_line    0x00002a54      0x34b ./ra/fsp/src/bsp/mcu/all/bsp_register_protection.o
 .debug_line    0x00002d9f      0x161 ./ra/fsp/src/bsp/mcu/all/bsp_rom_registers.o
 .debug_line    0x00002f00      0x1a2 ./ra/fsp/src/bsp/mcu/all/bsp_sbrk.o
 .debug_line    0x000030a2      0x19f ./ra/fsp/src/bsp/cmsis/Device/RENESAS/Source/startup.o
 .debug_line    0x00003241      0x370 ./ra/fsp/src/bsp/cmsis/Device/RENESAS/Source/system.o
 .debug_line    0x000035b1      0x63b ./CH378_USB/ch378_file_device.o
 .debug_line    0x00003bec      0x4e8 ./CH378_USB/ch378_hard.o
 .debug_line    0x000040d4      0x5bc ./CH378_USB/ch378_storage.o

.debug_str      0x00000000     0x9217
 .debug_str     0x00000000     0x3333 ./src/hal_entry.o
                               0x33bb (size before relaxing)
 .debug_str     0x00003333      0x3b9 ./ra_gen/common_data.o
                               0x35e7 (size before relaxing)
 .debug_str     0x000036ec       0x16 ./ra_gen/main.o
                                0x1a5 (size before relaxing)
 .debug_str     0x00003702      0x5d6 ./ra_gen/pin_data.o
                               0x1cbf (size before relaxing)
 .debug_str     0x00003cd8     0x199a ./ra_gen/vector_data.o
                               0x1b23 (size before relaxing)
 .debug_str     0x00005672     0x1e04 ./ra/fsp/src/r_ioport/r_ioport.o
                               0x549a (size before relaxing)
 .debug_str     0x00007476      0x56c ./ra/fsp/src/r_icu/r_icu.o
                               0x22f1 (size before relaxing)
 .debug_str     0x000079e2      0x748 ./ra/fsp/src/bsp/mcu/all/bsp_clocks.o
                               0x1f2e (size before relaxing)
 .debug_str     0x0000812a      0x10d ./ra/fsp/src/bsp/mcu/all/bsp_common.o
                               0x1a52 (size before relaxing)
 .debug_str     0x00008237       0xd0 ./ra/fsp/src/bsp/mcu/all/bsp_delay.o
                                0x2d8 (size before relaxing)
 .debug_str     0x00008307      0x1de ./ra/fsp/src/bsp/mcu/all/bsp_group_irq.o
                               0x1f5d (size before relaxing)
 .debug_str     0x000084e5       0x23 ./ra/fsp/src/bsp/mcu/all/bsp_io.o
                                0x1d8 (size before relaxing)
 .debug_str     0x00008508      0x2d9 ./ra/fsp/src/bsp/mcu/all/bsp_irq.o
                               0x2304 (size before relaxing)
 .debug_str     0x000087e1       0xc1 ./ra/fsp/src/bsp/mcu/all/bsp_register_protection.o
                               0x18da (size before relaxing)
 .debug_str     0x000088a2      0x15d ./ra/fsp/src/bsp/mcu/all/bsp_rom_registers.o
                                0x2fa (size before relaxing)
 .debug_str     0x000089ff       0x94 ./ra/fsp/src/bsp/mcu/all/bsp_sbrk.o
                                0x231 (size before relaxing)
 .debug_str     0x00008a93       0x77 ./ra/fsp/src/bsp/cmsis/Device/RENESAS/Source/startup.o
                                0x212 (size before relaxing)
 .debug_str     0x00008b0a      0x1cf ./ra/fsp/src/bsp/cmsis/Device/RENESAS/Source/system.o
                                0x56e (size before relaxing)
 .debug_str     0x00008cd9      0x26a ./CH378_USB/ch378_file_device.o
                                0x43a (size before relaxing)
 .debug_str     0x00008f43      0x101 ./CH378_USB/ch378_hard.o
                               0x1c31 (size before relaxing)
 .debug_str     0x00009044      0x1d3 ./CH378_USB/ch378_storage.o
                                0x423 (size before relaxing)

.debug_frame    0x00000000     0x17d8
 .debug_frame   0x00000000       0x54 ./src/hal_entry.o
 .debug_frame   0x00000054       0x30 ./ra_gen/common_data.o
 .debug_frame   0x00000084       0x2c ./ra_gen/main.o
 .debug_frame   0x000000b0      0x33c ./ra/fsp/src/r_ioport/r_ioport.o
 .debug_frame   0x000003ec      0x248 ./ra/fsp/src/r_icu/r_icu.o
 .debug_frame   0x00000634      0x208 ./ra/fsp/src/bsp/mcu/all/bsp_clocks.o
 .debug_frame   0x0000083c       0x7c ./ra/fsp/src/bsp/mcu/all/bsp_common.o
 .debug_frame   0x000008b8       0x50 ./ra/fsp/src/bsp/mcu/all/bsp_delay.o
 .debug_frame   0x00000908       0x80 ./ra/fsp/src/bsp/mcu/all/bsp_group_irq.o
 .debug_frame   0x00000988       0x34 ./ra/fsp/src/bsp/mcu/all/bsp_irq.o
 .debug_frame   0x000009bc       0x60 ./ra/fsp/src/bsp/mcu/all/bsp_register_protection.o
 .debug_frame   0x00000a1c       0x34 ./ra/fsp/src/bsp/mcu/all/bsp_sbrk.o
 .debug_frame   0x00000a50       0x4c ./ra/fsp/src/bsp/cmsis/Device/RENESAS/Source/startup.o
 .debug_frame   0x00000a9c       0x5c ./ra/fsp/src/bsp/cmsis/Device/RENESAS/Source/system.o
 .debug_frame   0x00000af8      0x3dc ./CH378_USB/ch378_file_device.o
 .debug_frame   0x00000ed4      0x228 ./CH378_USB/ch378_hard.o
 .debug_frame   0x000010fc      0x124 ./CH378_USB/ch378_storage.o
 .debug_frame   0x00001220       0x20 c:/renesas/ra/e2studio_v2022-04_fsp_v3.8.0/toolchains/gcc_arm/gcc-arm-none-eabi-10.3-2021.10/bin/../lib/gcc/arm-none-eabi/10.3.1/../../../../arm-none-eabi/lib/thumb/v8-m.main+fp/hard\libg_nano.a(lib_a-errno.o)
 .debug_frame   0x00001240       0x28 c:/renesas/ra/e2studio_v2022-04_fsp_v3.8.0/toolchains/gcc_arm/gcc-arm-none-eabi-10.3-2021.10/bin/../lib/gcc/arm-none-eabi/10.3.1/../../../../arm-none-eabi/lib/thumb/v8-m.main+fp/hard\libg_nano.a(lib_a-memcpy-stub.o)
 .debug_frame   0x00001268       0x20 c:/renesas/ra/e2studio_v2022-04_fsp_v3.8.0/toolchains/gcc_arm/gcc-arm-none-eabi-10.3-2021.10/bin/../lib/gcc/arm-none-eabi/10.3.1/../../../../arm-none-eabi/lib/thumb/v8-m.main+fp/hard\libg_nano.a(lib_a-memset.o)
 .debug_frame   0x00001288       0x7c c:/renesas/ra/e2studio_v2022-04_fsp_v3.8.0/toolchains/gcc_arm/gcc-arm-none-eabi-10.3-2021.10/bin/../lib/gcc/arm-none-eabi/10.3.1/../../../../arm-none-eabi/lib/thumb/v8-m.main+fp/hard\libg_nano.a(lib_a-snprintf.o)
 .debug_frame   0x00001304       0x90 c:/renesas/ra/e2studio_v2022-04_fsp_v3.8.0/toolchains/gcc_arm/gcc-arm-none-eabi-10.3-2021.10/bin/../lib/gcc/arm-none-eabi/10.3.1/../../../../arm-none-eabi/lib/thumb/v8-m.main+fp/hard\libg_nano.a(lib_a-nano-svfprintf.o)
 .debug_frame   0x00001394       0x60 c:/renesas/ra/e2studio_v2022-04_fsp_v3.8.0/toolchains/gcc_arm/gcc-arm-none-eabi-10.3-2021.10/bin/../lib/gcc/arm-none-eabi/10.3.1/../../../../arm-none-eabi/lib/thumb/v8-m.main+fp/hard\libg_nano.a(lib_a-nano-vfprintf_i.o)
 .debug_frame   0x000013f4       0x28 c:/renesas/ra/e2studio_v2022-04_fsp_v3.8.0/toolchains/gcc_arm/gcc-arm-none-eabi-10.3-2021.10/bin/../lib/gcc/arm-none-eabi/10.3.1/../../../../arm-none-eabi/lib/thumb/v8-m.main+fp/hard\libg_nano.a(lib_a-memchr-stub.o)
 .debug_frame   0x0000141c       0x28 c:/renesas/ra/e2studio_v2022-04_fsp_v3.8.0/toolchains/gcc_arm/gcc-arm-none-eabi-10.3-2021.10/bin/../lib/gcc/arm-none-eabi/10.3.1/../../../../arm-none-eabi/lib/thumb/v8-m.main+fp/hard\libg_nano.a(lib_a-memmove.o)
 .debug_frame   0x00001444       0x38 c:/renesas/ra/e2studio_v2022-04_fsp_v3.8.0/toolchains/gcc_arm/gcc-arm-none-eabi-10.3-2021.10/bin/../lib/gcc/arm-none-eabi/10.3.1/../../../../arm-none-eabi/lib/thumb/v8-m.main+fp/hard\libg_nano.a(lib_a-nano-freer.o)
 .debug_frame   0x0000147c       0x4c c:/renesas/ra/e2studio_v2022-04_fsp_v3.8.0/toolchains/gcc_arm/gcc-arm-none-eabi-10.3-2021.10/bin/../lib/gcc/arm-none-eabi/10.3.1/../../../../arm-none-eabi/lib/thumb/v8-m.main+fp/hard\libg_nano.a(lib_a-nano-mallocr.o)
 .debug_frame   0x000014c8       0x3c c:/renesas/ra/e2studio_v2022-04_fsp_v3.8.0/toolchains/gcc_arm/gcc-arm-none-eabi-10.3-2021.10/bin/../lib/gcc/arm-none-eabi/10.3.1/../../../../arm-none-eabi/lib/thumb/v8-m.main+fp/hard\libg_nano.a(lib_a-nano-reallocr.o)
 .debug_frame   0x00001504       0x2c c:/renesas/ra/e2studio_v2022-04_fsp_v3.8.0/toolchains/gcc_arm/gcc-arm-none-eabi-10.3-2021.10/bin/../lib/gcc/arm-none-eabi/10.3.1/../../../../arm-none-eabi/lib/thumb/v8-m.main+fp/hard\libg_nano.a(lib_a-sbrkr.o)
 .debug_frame   0x00001530       0x30 c:/renesas/ra/e2studio_v2022-04_fsp_v3.8.0/toolchains/gcc_arm/gcc-arm-none-eabi-10.3-2021.10/bin/../lib/gcc/arm-none-eabi/10.3.1/../../../../arm-none-eabi/lib/thumb/v8-m.main+fp/hard\libg_nano.a(lib_a-mlock.o)
 .debug_frame   0x00001560       0x20 c:/renesas/ra/e2studio_v2022-04_fsp_v3.8.0/toolchains/gcc_arm/gcc-arm-none-eabi-10.3-2021.10/bin/../lib/gcc/arm-none-eabi/10.3.1/../../../../arm-none-eabi/lib/thumb/v8-m.main+fp/hard\libg_nano.a(lib_a-nano-msizer.o)
 .debug_frame   0x00001580       0x5c c:/renesas/ra/e2studio_v2022-04_fsp_v3.8.0/toolchains/gcc_arm/gcc-arm-none-eabi-10.3-2021.10/bin/../lib/gcc/arm-none-eabi/10.3.1/../../../../arm-none-eabi/lib/thumb/v8-m.main+fp/hard\libg_nano.a(lib_a-reent.o)
 .debug_frame   0x000015dc       0xb0 c:/renesas/ra/e2studio_v2022-04_fsp_v3.8.0/toolchains/gcc_arm/gcc-arm-none-eabi-10.3-2021.10/bin/../lib/gcc/arm-none-eabi/10.3.1/../../../../arm-none-eabi/lib/thumb/v8-m.main+fp/hard\libg_nano.a(lib_a-lock.o)
 .debug_frame   0x0000168c      0x14c c:/renesas/ra/e2studio_v2022-04_fsp_v3.8.0/toolchains/gcc_arm/gcc-arm-none-eabi-10.3-2021.10/bin/../lib/gcc/arm-none-eabi/10.3.1/../../../../arm-none-eabi/lib/thumb/v8-m.main+fp/hard\libc_nano.a(lib_a-findfp.o)
